113.171.224.176 - - [01/Jan/2020:03:03:04 -0800] "GET /honeypot/Honeypot%20-%20Howto.pdf HTTP/1.1" 200 61320 "-" "Mozilla/5.0 Gecko/20100115 Firefox/3.6" 
216.244.66.245 - - [01/Jan/2020:03:10:45 -0800] "GET /self.logs/access.log.2019-12-07.gz HTTP/1.1" 200 13066 "-" "Mozilla/5.0 (compatible; DotBot/1.1; http://www.opensiteexplorer.org/dotbot, help@moz.com)" 
207.46.13.192 - - [01/Jan/2020:03:21:37 -0800] "GET /self.logs/access.log.2018-01-28.gz HTTP/1.1" 200 18048 "-" "Mozilla/5.0 (compatible; bingbot/2.0; +http://www.bing.com/bingbot.htm)" 
114.246.35.129 - - [01/Jan/2020:03:24:32 -0800] "GET /favicon.ico HTTP/1.1" 200 302 "-" "Mozilla/5.0 (Windows NT 10.0; WOW64) AppleWebKit/537.36 (KHTML, like Gecko) Chrome/63.0.3239.132 Safari/537.36" 
61.150.43.54 - - [01/Jan/2020:03:41:05 -0800] "GET /favicon.ico HTTP/1.1" 200 302 "-" "Mozilla/5.0 (Windows NT 10.0; WOW64) AppleWebKit/537.36 (KHTML, like Gecko) Chrome/49.0.2623.221 Safari/537.36 SE 2.X MetaSr 1.0" 
5.219.211.128 - - [01/Jan/2020:03:52:18 -0800] "GET / HTTP/1.1" 200 12659 "https://www.researchgate.net/" "Mozilla/5.0 (Windows NT 10.0; Win64; x64; rv:71.0) Gecko/20100101 Firefox/71.0" 
5.219.211.128 - - [01/Jan/2020:03:52:19 -0800] "GET /css/style.css HTTP/1.1" 404 271 "http://www.secrepo.com/" "Mozilla/5.0 (Windows NT 10.0; Win64; x64; rv:71.0) Gecko/20100101 Firefox/71.0" 
5.219.211.128 - - [01/Jan/2020:03:52:20 -0800] "GET /GitHub-Mark.png HTTP/1.1" 200 7450 "http://www.secrepo.com/" "Mozilla/5.0 (Windows NT 10.0; Win64; x64; rv:71.0) Gecko/20100101 Firefox/71.0" 
5.219.211.128 - - [01/Jan/2020:03:52:20 -0800] "GET /twitter-icon.png HTTP/1.1" 200 27810 "http://www.secrepo.com/" "Mozilla/5.0 (Windows NT 10.0; Win64; x64; rv:71.0) Gecko/20100101 Firefox/71.0" 
5.219.211.128 - - [01/Jan/2020:03:52:21 -0800] "GET /bootstrap/img/favicon.ico HTTP/1.1" 200 601 "-" "Mozilla/5.0 (Windows NT 10.0; Win64; x64; rv:71.0) Gecko/20100101 Firefox/71.0" 
123.126.68.120 - - [01/Jan/2020:04:03:29 -0800] "GET /robots.txt HTTP/1.1" 200 251 "-" "Sogou web spider/4.0(+http://www.sogou.com/docs/help/webmasters.htm#07)" 
61.150.43.54 - - [01/Jan/2020:04:06:42 -0800] "GET /favicon.ico HTTP/1.1" 200 302 "-" "Mozilla/5.0 (Windows NT 10.0; WOW64) AppleWebKit/537.36 (KHTML, like Gecko) Chrome/49.0.2623.221 Safari/537.36 SE 2.X MetaSr 1.0" 
207.46.13.192 - - [01/Jan/2020:04:06:43 -0800] "GET /self.logs/access.log.2018-08-28.gz HTTP/1.1" 200 37845 "-" "Mozilla/5.0 (compatible; bingbot/2.0; +http://www.bing.com/bingbot.htm)" 
216.244.66.245 - - [01/Jan/2020:04:07:16 -0800] "GET /self.logs/error.log.2019-12-11.gz HTTP/1.1" 200 1299 "-" "Mozilla/5.0 (compatible; DotBot/1.1; http://www.opensiteexplorer.org/dotbot, help@moz.com)" 
113.171.224.176 - - [01/Jan/2020:04:10:20 -0800] "GET /honeypot/Honeypot%20-%20Howto.pdf HTTP/1.1" 200 61320 "-" "Mozilla/5.0 Gecko/20100115 Firefox/3.6" 
95.163.255.187 - - [01/Jan/2020:04:15:00 -0800] "GET /robots.txt HTTP/1.0" 200 251 "-" "Mozilla/5.0 (compatible; Linux x86_64; Mail.RU_Bot/2.0; +http://go.mail.ru/help/robots)" 
207.46.13.192 - - [01/Jan/2020:04:21:30 -0800] "GET /self.logs/access.log.2018-05-22.gz HTTP/1.1" 200 19477 "-" "Mozilla/5.0 (compatible; bingbot/2.0; +http://www.bing.com/bingbot.htm)" 
123.126.68.120 - - [01/Jan/2020:04:25:45 -0800] "GET / HTTP/1.1" 200 12661 "http://www.sogou.com/web?query=site%3Awww.secrepo.com" "Mozilla/5.0 (Windows NT 6.1; Win64; x64) AppleWebKit/537.36 (KHTML, like Gecko) Chrome/74.0.3729.169 Safari/537.36" 
162.210.196.98 - - [01/Jan/2020:04:32:42 -0800] "GET / HTTP/1.1" 200 12660 "-" "Mozilla/5.0 (compatible; MJ12bot/v1.4.8; http://mj12bot.com/)" 
157.55.39.29 - - [01/Jan/2020:04:33:26 -0800] "GET /robots.txt HTTP/1.1" 200 288 "-" "Mozilla/5.0 (compatible; bingbot/2.0; +http://www.bing.com/bingbot.htm)" 
207.46.13.34 - - [01/Jan/2020:04:33:28 -0800] "GET /self.logs/error.log.2018-10-27.gz HTTP/1.1" 200 5389 "-" "Mozilla/5.0 (compatible; bingbot/2.0; +http://www.bing.com/bingbot.htm)" 
207.46.13.192 - - [01/Jan/2020:04:37:13 -0800] "GET /self.logs/error.log.2018-08-04.gz HTTP/1.1" 200 7699 "-" "Mozilla/5.0 (compatible; bingbot/2.0; +http://www.bing.com/bingbot.htm)" 
108.59.8.70 - - [01/Jan/2020:04:41:46 -0800] "GET /robots.txt HTTP/1.1" 301 495 "-" "Mozilla/5.0 (compatible; MJ12bot/v1.4.8; http://mj12bot.com/)" 
108.59.8.70 - - [01/Jan/2020:04:41:47 -0800] "GET /robots.txt HTTP/1.1" 200 288 "-" "Mozilla/5.0 (compatible; MJ12bot/v1.4.8; http://mj12bot.com/)" 
108.59.8.70 - - [01/Jan/2020:04:41:49 -0800] "GET / HTTP/1.1" 301 419 "-" "Mozilla/5.0 (compatible; MJ12bot/v1.4.8; http://mj12bot.com/)" 
108.59.8.70 - - [01/Jan/2020:04:41:51 -0800] "GET / HTTP/1.1" 200 12616 "-" "Mozilla/5.0 (compatible; MJ12bot/v1.4.8; http://mj12bot.com/)" 
220.243.136.217 - - [01/Jan/2020:04:57:24 -0800] "GET /robots.txt HTTP/1.1" 200 244 "-" "Mozilla/5.0 (iPhone; CPU iPhone OS 11_0 like Mac OS X) AppleWebKit/537.36 (KHTML, like Gecko) Chrome/60.0.9810.1841 Mobile Safari/537.36" 
195.181.172.77 - - [01/Jan/2020:04:59:58 -0800] "GET / HTTP/1.0" 301 438 "http://secrepo.com/" "Mozilla/5.0 (Windows NT 6.1) AppleWebKit/537.36 (KHTML, like Gecko) Chrome/66.0.3359.181 Safari/537.36 Kinza/4.7.2" 
195.181.172.77 - - [01/Jan/2020:04:59:59 -0800] "GET / HTTP/1.0" 200 47318 "http://www.secrepo.com/" "Mozilla/5.0 (Windows NT 6.1) AppleWebKit/537.36 (KHTML, like Gecko) Chrome/66.0.3359.181 Safari/537.36 Kinza/4.7.2" 
39.104.79.172 - - [01/Jan/2020:05:03:23 -0800] "GET /public/router.php HTTP/1.1" 404 294 "-" "Mozilla/5.0 (Windows NT 10.0; WOW64; rv:48.0) Gecko/20100101 Firefox/48.0" 
101.200.184.110 - - [01/Jan/2020:05:04:41 -0800] "GET /js/upimg/dialog.js HTTP/1.1" 404 294 "http://www.secrepo.com/js/upimg/dialog.js" "Mozilla/5.0 (compatible; MSIE 9.0; Windows NT 6.1; Win64; x64; Trident/5.0)" 
192.99.39.235 - - [01/Jan/2020:05:07:40 -0800] "GET / HTTP/1.1" 200 47311 "-" "Mozilla/4.0 (compatible; MSIE 7.0; Windows NT 5.1; .NET CLR 2.0.50727; .NET CLR 1.1.4322)" 
112.80.139.239 - - [01/Jan/2020:05:08:58 -0800] "GET /favicon.ico HTTP/1.1" 200 302 "-" "Mozilla/5.0 (Windows NT 10.0; WOW64) AppleWebKit/537.36 (KHTML, like Gecko) Chrome/55.0.2883.87 Safari/537.36" 
113.171.224.176 - - [01/Jan/2020:05:18:10 -0800] "GET /honeypot/Honeypot%20-%20Howto.pdf HTTP/1.1" 200 61320 "-" "Mozilla/5.0 Gecko/20100115 Firefox/3.6" 
157.51.217.19 - - [01/Jan/2020:05:18:23 -0800] "GET / HTTP/1.1" 200 12659 "-" "Mozilla/5.0 (Linux; Android 8.1.0; SM-G615F) AppleWebKit/537.36 (KHTML, like Gecko) Chrome/70.0.3538.110 Mobile Safari/537.36" 
157.51.217.19 - - [01/Jan/2020:05:18:24 -0800] "GET /css/style.css HTTP/1.1" 404 271 "http://www.secrepo.com/" "Mozilla/5.0 (Linux; Android 8.1.0; SM-G615F) AppleWebKit/537.36 (KHTML, like Gecko) Chrome/70.0.3538.110 Mobile Safari/537.36" 
157.51.217.19 - - [01/Jan/2020:05:18:24 -0800] "GET /twitter-icon.png HTTP/1.1" 200 27810 "http://www.secrepo.com/" "Mozilla/5.0 (Linux; Android 8.1.0; SM-G615F) AppleWebKit/537.36 (KHTML, like Gecko) Chrome/70.0.3538.110 Mobile Safari/537.36" 
157.51.217.19 - - [01/Jan/2020:05:18:24 -0800] "GET /GitHub-Mark.png HTTP/1.1" 200 7450 "http://www.secrepo.com/" "Mozilla/5.0 (Linux; Android 8.1.0; SM-G615F) AppleWebKit/537.36 (KHTML, like Gecko) Chrome/70.0.3538.110 Mobile Safari/537.36" 
157.51.217.19 - - [01/Jan/2020:05:18:26 -0800] "GET /bootstrap/img/favicon.ico HTTP/1.1" 200 601 "http://www.secrepo.com/" "Mozilla/5.0 (Linux; Android 8.1.0; SM-G615F) AppleWebKit/537.36 (KHTML, like Gecko) Chrome/70.0.3538.110 Mobile Safari/537.36" 
207.46.13.192 - - [01/Jan/2020:05:19:53 -0800] "GET /self.logs/access.log.2019-08-20.gz HTTP/1.1" 200 22721 "-" "Mozilla/5.0 (compatible; bingbot/2.0; +http://www.bing.com/bingbot.htm)" 
197.157.210.201 - - [01/Jan/2020:05:22:36 -0800] "GET / HTTP/1.1" 200 12659 "-" "Mozilla/5.0 (X11; Ubuntu; Linux x86_64; rv:68.0) Gecko/20100101 Firefox/68.0" 
197.157.210.221 - - [01/Jan/2020:05:22:37 -0800] "GET /css/style.css HTTP/1.1" 404 294 "http://www.secrepo.com/" "Mozilla/5.0 (X11; Ubuntu; Linux x86_64; rv:68.0) Gecko/20100101 Firefox/68.0" 
197.157.210.208 - - [01/Jan/2020:05:22:46 -0800] "GET /GitHub-Mark.png HTTP/1.1" 200 7450 "http://www.secrepo.com/" "Mozilla/5.0 (X11; Ubuntu; Linux x86_64; rv:68.0) Gecko/20100101 Firefox/68.0" 
197.157.210.214 - - [01/Jan/2020:05:22:46 -0800] "GET /twitter-icon.png HTTP/1.1" 200 27810 "http://www.secrepo.com/" "Mozilla/5.0 (X11; Ubuntu; Linux x86_64; rv:68.0) Gecko/20100101 Firefox/68.0" 
197.157.210.214 - - [01/Jan/2020:05:22:47 -0800] "GET /bootstrap/img/favicon.ico HTTP/1.1" 200 624 "-" "Mozilla/5.0 (X11; Ubuntu; Linux x86_64; rv:68.0) Gecko/20100101 Firefox/68.0" 
125.123.123.66 - - [01/Jan/2020:05:24:49 -0800] "GET /robots.txt HTTP/1.1" 200 288 "-" "python-requests/2.22.0" 
125.123.66.242 - - [01/Jan/2020:05:25:06 -0800] "GET /wangdafa HTTP/1.1" 404 294 "-" "python-requests/2.22.0" 
218.26.179.149 - - [01/Jan/2020:05:49:07 -0800] "GET /favicon.ico HTTP/1.1" 200 302 "-" "Mozilla/5.0 (Windows NT 6.1; WOW64) AppleWebKit/537.36 (KHTML, like Gecko) Chrome/65.0.3314.0 Safari/537.36 SE 2.X MetaSr 1.0" 
192.99.39.235 - - [01/Jan/2020:05:55:47 -0800] "GET /data HTTP/1.1" 404 250 "-" "Mozilla/4.0 (compatible; MSIE 7.0; Windows NT 5.1; .NET CLR 2.0.50727; .NET CLR 1.1.4322)" 
192.99.39.235 - - [01/Jan/2020:05:55:47 -0800] "GET /Datasets%20Description/Network/dhcp.html HTTP/1.1" 200 3848 "-" "Mozilla/4.0 (compatible; MSIE 7.0; Windows NT 5.1; .NET CLR 2.0.50727; .NET CLR 1.1.4322)" 
192.99.39.235 - - [01/Jan/2020:05:55:47 -0800] "GET /Datasets%20Description/Network/dns.html HTTP/1.1" 200 5322 "-" "Mozilla/4.0 (compatible; MSIE 7.0; Windows NT 5.1; .NET CLR 2.0.50727; .NET CLR 1.1.4322)" 
192.99.39.235 - - [01/Jan/2020:05:55:47 -0800] "GET /Datasets%20Description/Network/files.html HTTP/1.1" 200 4934 "-" "Mozilla/4.0 (compatible; MSIE 7.0; Windows NT 5.1; .NET CLR 2.0.50727; .NET CLR 1.1.4322)" 
192.99.39.235 - - [01/Jan/2020:05:55:47 -0800] "GET /Datasets%20Description/Network/ftp.html HTTP/1.1" 200 4790 "-" "Mozilla/4.0 (compatible; MSIE 7.0; Windows NT 5.1; .NET CLR 2.0.50727; .NET CLR 1.1.4322)" 
192.99.39.235 - - [01/Jan/2020:05:55:47 -0800] "GET /Datasets%20Description/Network/http.html HTTP/1.1" 200 5804 "-" "Mozilla/4.0 (compatible; MSIE 7.0; Windows NT 5.1; .NET CLR 2.0.50727; .NET CLR 1.1.4322)" 
192.99.39.235 - - [01/Jan/2020:05:55:47 -0800] "GET /Datasets%20Description/Network/notice.html HTTP/1.1" 200 5255 "-" "Mozilla/4.0 (compatible; MSIE 7.0; Windows NT 5.1; .NET CLR 2.0.50727; .NET CLR 1.1.4322)" 
192.99.39.235 - - [01/Jan/2020:05:55:47 -0800] "GET /Datasets%20Description/Network/signatures.html HTTP/1.1" 404 216 "-" "Mozilla/4.0 (compatible; MSIE 7.0; Windows NT 5.1; .NET CLR 2.0.50727; .NET CLR 1.1.4322)" 
192.99.39.235 - - [01/Jan/2020:05:55:47 -0800] "GET /Datasets%20Description/Network/smtp.html HTTP/1.1" 200 5672 "-" "Mozilla/4.0 (compatible; MSIE 7.0; Windows NT 5.1; .NET CLR 2.0.50727; .NET CLR 1.1.4322)" 
192.99.39.235 - - [01/Jan/2020:05:55:47 -0800] "GET /Datasets%20Description/Network/ssh.html HTTP/1.1" 200 3795 "-" "Mozilla/4.0 (compatible; MSIE 7.0; Windows NT 5.1; .NET CLR 2.0.50727; .NET CLR 1.1.4322)" 
192.99.39.235 - - [01/Jan/2020:05:55:47 -0800] "GET /Datasets%20Description/Network/ssl.html HTTP/1.1" 200 4952 "-" "Mozilla/4.0 (compatible; MSIE 7.0; Windows NT 5.1; .NET CLR 2.0.50727; .NET CLR 1.1.4322)" 
162.242.144.71 - - [01/Jan/2020:05:55:47 -0800] "GET /robots.txt HTTP/1.1" 301 439 "-" "Tornado-Async-Client" 
192.99.39.235 - - [01/Jan/2020:05:55:47 -0800] "GET /Datasets%20Description/Network/tunnel.html HTTP/1.1" 200 3667 "-" "Mozilla/4.0 (compatible; MSIE 7.0; Windows NT 5.1; .NET CLR 2.0.50727; .NET CLR 1.1.4322)" 
192.99.39.235 - - [01/Jan/2020:05:55:47 -0800] "GET /Datasets%20Description/Network/weird.html HTTP/1.1" 200 4192 "-" "Mozilla/4.0 (compatible; MSIE 7.0; Windows NT 5.1; .NET CLR 2.0.50727; .NET CLR 1.1.4322)" 
162.242.144.71 - - [01/Jan/2020:05:55:47 -0800] "GET /robots.txt HTTP/1.1" 304 128 "-" "Tornado-Async-Client" 
162.242.144.71 - - [01/Jan/2020:05:55:47 -0800] "GET /honeypot/BSidesDFW%20-%202014.ipynb HTTP/1.1" 301 481 "-" "Tornado-Async-Client" 
192.99.39.235 - - [01/Jan/2020:05:55:47 -0800] "GET /maccdc2012/maccdc2012_fast_alert.7z HTTP/1.1" 200 140160 "-" "Mozilla/4.0 (compatible; MSIE 7.0; Windows NT 5.1; .NET CLR 2.0.50727; .NET CLR 1.1.4322)" 
192.99.39.235 - - [01/Jan/2020:05:55:48 -0800] "GET /maccdc2012/maccdc2012_full_alert.7z HTTP/1.1" 200 84680 "-" "Mozilla/4.0 (compatible; MSIE 7.0; Windows NT 5.1; .NET CLR 2.0.50727; .NET CLR 1.1.4322)" 
192.99.39.235 - - [01/Jan/2020:05:55:48 -0800] "GET /Datasets%20Description/HTML_Bro_log_1 HTTP/1.1" 301 495 "-" "Mozilla/4.0 (compatible; MSIE 7.0; Windows NT 5.1; .NET CLR 2.0.50727; .NET CLR 1.1.4322)" 
162.242.144.71 - - [01/Jan/2020:05:55:48 -0800] "GET /robots.txt HTTP/1.1" 301 439 "-" "Tornado-Async-Client" 
192.99.39.235 - - [01/Jan/2020:05:55:48 -0800] "GET /Datasets%20Description/HTML_Bro_log_1/ HTTP/1.1" 200 1784 "-" "Mozilla/4.0 (compatible; MSIE 7.0; Windows NT 5.1; .NET CLR 2.0.50727; .NET CLR 1.1.4322)" 
162.242.144.71 - - [01/Jan/2020:05:55:48 -0800] "GET /robots.txt HTTP/1.1" 304 128 "-" "Tornado-Async-Client" 
162.242.144.71 - - [01/Jan/2020:05:55:48 -0800] "GET /honeypot/BSidesDFW%20-%202014.ipynb HTTP/1.1" 301 481 "-" "Tornado-Async-Client" 
192.99.39.235 - - [01/Jan/2020:05:55:48 -0800] "GET /Datasets%20Description/HTML_Bro_log_2 HTTP/1.1" 301 495 "-" "Mozilla/4.0 (compatible; MSIE 7.0; Windows NT 5.1; .NET CLR 2.0.50727; .NET CLR 1.1.4322)" 
192.99.39.235 - - [01/Jan/2020:05:55:48 -0800] "GET /Datasets%20Description/HTML_Bro_log_2/ HTTP/1.1" 200 1784 "-" "Mozilla/4.0 (compatible; MSIE 7.0; Windows NT 5.1; .NET CLR 2.0.50727; .NET CLR 1.1.4322)" 
192.99.39.235 - - [01/Jan/2020:05:55:48 -0800] "GET /Datasets%20Description/HTML_Bro_log_3 HTTP/1.1" 301 495 "-" "Mozilla/4.0 (compatible; MSIE 7.0; Windows NT 5.1; .NET CLR 2.0.50727; .NET CLR 1.1.4322)" 
192.99.39.235 - - [01/Jan/2020:05:55:48 -0800] "GET /Datasets%20Description/HTML_Bro_log_3/ HTTP/1.1" 200 1706 "-" "Mozilla/4.0 (compatible; MSIE 7.0; Windows NT 5.1; .NET CLR 2.0.50727; .NET CLR 1.1.4322)" 
192.99.39.235 - - [01/Jan/2020:05:55:48 -0800] "GET /tg/tg_snort_fast.7z HTTP/1.1" 200 4274037 "-" "Mozilla/4.0 (compatible; MSIE 7.0; Windows NT 5.1; .NET CLR 2.0.50727; .NET CLR 1.1.4322)" 
192.99.39.235 - - [01/Jan/2020:05:55:49 -0800] "GET /tg/tg_snort_full.7z HTTP/1.1" 200 192720 "-" "Mozilla/4.0 (compatible; MSIE 7.0; Windows NT 5.1; .NET CLR 2.0.50727; .NET CLR 1.1.4322)" 
192.99.39.235 - - [01/Jan/2020:05:55:49 -0800] "GET /Datasets%20Description/PE_malware/Zeus.html HTTP/1.1" 200 4527 "-" "Mozilla/4.0 (compatible; MSIE 7.0; Windows NT 5.1; .NET CLR 2.0.50727; .NET CLR 1.1.4322)" 
192.99.39.235 - - [01/Jan/2020:05:55:49 -0800] "GET /Datasets%20Description/PE_malware/VirusShare.html HTTP/1.1" 200 4511 "-" "Mozilla/4.0 (compatible; MSIE 7.0; Windows NT 5.1; .NET CLR 2.0.50727; .NET CLR 1.1.4322)" 
192.99.39.235 - - [01/Jan/2020:05:55:49 -0800] "GET /Datasets%20Description/PE_malware/OPCleaver.html HTTP/1.1" 200 4126 "-" "Mozilla/4.0 (compatible; MSIE 7.0; Windows NT 5.1; .NET CLR 2.0.50727; .NET CLR 1.1.4322)" 
192.99.39.235 - - [01/Jan/2020:05:55:49 -0800] "GET /self.logs/ HTTP/1.1" 200 200386 "-" "Mozilla/4.0 (compatible; MSIE 7.0; Windows NT 5.1; .NET CLR 2.0.50727; .NET CLR 1.1.4322)" 
192.99.39.235 - - [01/Jan/2020:05:55:49 -0800] "GET /honeypot/BSidesDFW%20-%202014.ipynb HTTP/1.1" 200 930754 "-" "Mozilla/4.0 (compatible; MSIE 7.0; Windows NT 5.1; .NET CLR 2.0.50727; .NET CLR 1.1.4322)" 
192.99.39.235 - - [01/Jan/2020:05:55:49 -0800] "GET /honeypot/Honeypot%20-%20Howto.pdf HTTP/1.1" 200 1279362 "-" "Mozilla/4.0 (compatible; MSIE 7.0; Windows NT 5.1; .NET CLR 2.0.50727; .NET CLR 1.1.4322)" 
192.99.39.235 - - [01/Jan/2020:05:55:49 -0800] "GET /honeypot/Honeypot%20-%20Howto%20-%20BSides%20Austin.pdf HTTP/1.1" 200 2928404 "-" "Mozilla/4.0 (compatible; MSIE 7.0; Windows NT 5.1; .NET CLR 2.0.50727; .NET CLR 1.1.4322)" 
192.99.39.235 - - [01/Jan/2020:05:55:50 -0800] "GET /Datasets%20Description/HTML_Bro_log_1/ HTTP/1.1" 200 1784 "-" "Mozilla/4.0 (compatible; MSIE 7.0; Windows NT 5.1; .NET CLR 2.0.50727; .NET CLR 1.1.4322)" 
192.99.39.235 - - [01/Jan/2020:05:55:50 -0800] "GET /Datasets%20Description/HTML_Bro_log_2/ HTTP/1.1" 200 1784 "-" "Mozilla/4.0 (compatible; MSIE 7.0; Windows NT 5.1; .NET CLR 2.0.50727; .NET CLR 1.1.4322)" 
192.99.39.235 - - [01/Jan/2020:05:55:50 -0800] "GET /Datasets%20Description/HTML_Bro_log_3/ HTTP/1.1" 200 1706 "-" "Mozilla/4.0 (compatible; MSIE 7.0; Windows NT 5.1; .NET CLR 2.0.50727; .NET CLR 1.1.4322)" 
192.99.39.235 - - [01/Jan/2020:05:55:51 -0800] "GET / HTTP/1.1" 301 419 "-" "Mozilla/4.0 (compatible; MSIE 7.0; Windows NT 5.1; .NET CLR 2.0.50727; .NET CLR 1.1.4322)" 
192.99.39.235 - - [01/Jan/2020:05:55:51 -0800] "GET / HTTP/1.1" 200 47277 "-" "Mozilla/4.0 (compatible; MSIE 7.0; Windows NT 5.1; .NET CLR 2.0.50727; .NET CLR 1.1.4322)" 
39.104.79.172 - - [01/Jan/2020:05:59:10 -0800] "GET /public/router.php HTTP/1.1" 301 509 "-" "Mozilla/5.0 (Windows NT 10.0; WOW64; rv:48.0) Gecko/20100101 Firefox/48.0" 
39.104.79.172 - - [01/Jan/2020:05:59:11 -0800] "GET /public/router.php HTTP/1.1" 404 294 "-" "Mozilla/5.0 (Windows NT 10.0; WOW64; rv:48.0) Gecko/20100101 Firefox/48.0" 
121.35.128.73 - - [01/Jan/2020:06:02:49 -0800] "GET /favicon.ico HTTP/1.1" 200 302 "-" "Mozilla/5.0 (Windows NT 10.0; WOW64) AppleWebKit/537.36 (KHTML, like Gecko) Chrome/63.0.3239.132 Safari/537.36" 
45.55.254.220 - - [01/Jan/2020:06:12:26 -0800] "GET / HTTP/1.1" 200 12661 "http://www.secrepo.com" "Mozilla/5.0 (X11; Datanyze; Linux x86_64) AppleWebKit/537.36 (KHTML, like Gecko) Chrome/65.0.3325.181 Safari/537.36" 
45.55.254.220 - - [01/Jan/2020:06:12:28 -0800] "GET /css/style.css HTTP/1.1" 404 294 "-" "Mozilla/5.0 (X11; Datanyze; Linux x86_64) AppleWebKit/537.36 (KHTML, like Gecko) Chrome/65.0.3325.181 Safari/537.36" 
106.120.173.115 - - [01/Jan/2020:06:14:40 -0800] "GET / HTTP/1.1" 301 438 "-" "Sogou web spider/4.0(+http://www.sogou.com/docs/help/webmasters.htm#07)" 
106.120.173.115 - - [01/Jan/2020:06:15:46 -0800] "GET / HTTP/1.1" 200 12624 "-" "Sogou web spider/4.0(+http://www.sogou.com/docs/help/webmasters.htm#07)" 
39.104.79.172 - - [01/Jan/2020:06:20:28 -0800] "GET /public/router.php HTTP/1.1" 404 294 "-" "Mozilla/5.0 (Windows NT 10.0; WOW64; rv:48.0) Gecko/20100101 Firefox/48.0" 
113.171.224.176 - - [01/Jan/2020:06:21:50 -0800] "GET /honeypot/Honeypot%20-%20Howto.pdf HTTP/1.1" 200 61320 "-" "Mozilla/5.0 Gecko/20100115 Firefox/3.6" 
162.210.196.97 - - [01/Jan/2020:06:58:50 -0800] "GET /robots.txt HTTP/1.1" 200 288 "-" "Mozilla/5.0 (compatible; MJ12bot/v1.4.8; http://mj12bot.com/)" 
162.210.196.97 - - [01/Jan/2020:06:58:51 -0800] "GET / HTTP/1.1" 200 12583 "-" "Mozilla/5.0 (compatible; MJ12bot/v1.4.8; http://mj12bot.com/)" 
46.185.69.181 - - [01/Jan/2020:07:12:42 -0800] "GET /Datasets%20Description/Network/http.html HTTP/1.1" 200 5838 "https://furniturehomewares.com/" "Mozilla/4.0 (compatible; MSIE 6.0; Windows XP)" 
46.185.69.181 - - [01/Jan/2020:07:12:43 -0800] "GET /Datasets%20Description/Network/http.html HTTP/1.1" 200 5838 "https://furniturehomewares.com/" "Mozilla/4.0 (compatible; MSIE 6.0; Windows XP)" 
46.185.69.181 - - [01/Jan/2020:07:12:44 -0800] "GET /Datasets%20Description/Network/http.html HTTP/1.1" 200 5838 "https://furniturehomewares.com/" "Mozilla/4.0 (compatible; MSIE 6.0; Windows XP)" 
170.84.83.126 - - [01/Jan/2020:07:28:59 -0800] "GET / HTTP/1.0" 301 438 "-" "Mozilla/5.0 (Macintosh; Intel Mac OS X 10_13_4) AppleWebKit/537.36 (KHTML, like Gecko) Chrome/67.0.3396.87 Safari/537.36" 
170.84.83.126 - - [01/Jan/2020:07:29:00 -0800] "GET / HTTP/1.0" 200 12622 "http://secrepo.com" "Mozilla/5.0 (Macintosh; Intel Mac OS X 10_13_4) AppleWebKit/537.36 (KHTML, like Gecko) Chrome/67.0.3396.87 Safari/537.36" 
31.148.48.151 - - [01/Jan/2020:07:30:05 -0800] "GET /ftp://download.iwlab.foi.se/dataset/ HTTP/1.0" 404 257 "http://www.secrepo.com/" "Mozilla/5.0 (Macintosh; Intel Mac OS X 10_13_4) AppleWebKit/537.36 (KHTML, like Gecko) Chrome/67.0.3396.87 Safari/537.36" 
113.171.224.176 - - [01/Jan/2020:07:30:48 -0800] "GET /honeypot/Honeypot%20-%20Howto.pdf HTTP/1.1" 200 61320 "-" "Mozilla/5.0 Gecko/20100115 Firefox/3.6" 
31.148.48.151 - - [01/Jan/2020:07:30:11 -0800] "GET /Security-Data-Analysis/Lab_1/conn.log.zip HTTP/1.0" 200 1105920 "http://www.secrepo.com/" "Mozilla/5.0 (Macintosh; Intel Mac OS X 10_13_4) AppleWebKit/537.36 (KHTML, like Gecko) Chrome/67.0.3396.87 Safari/537.36" 
40.77.167.172 - - [01/Jan/2020:07:31:28 -0800] "GET /maccdc2012/dns.log.gz HTTP/1.1" 301 517 "-" "Mozilla/5.0 (compatible; bingbot/2.0; +http://www.bing.com/bingbot.htm)" 
216.244.66.245 - - [01/Jan/2020:07:40:23 -0800] "GET /self.logs/access.log.2019-12-13.gz HTTP/1.1" 200 14687 "-" "Mozilla/5.0 (compatible; DotBot/1.1; http://www.opensiteexplorer.org/dotbot, help@moz.com)" 
207.46.13.34 - - [01/Jan/2020:07:59:57 -0800] "GET /self.logs/error.log.2018-06-17.gz HTTP/1.1" 200 6061 "-" "Mozilla/5.0 (compatible; bingbot/2.0; +http://www.bing.com/bingbot.htm)" 
207.46.13.34 - - [01/Jan/2020:07:59:57 -0800] "GET /self.logs/access.log.2017-03-07.gz HTTP/1.1" 200 21546 "-" "Mozilla/5.0 (compatible; bingbot/2.0; +http://www.bing.com/bingbot.htm)" 
220.243.135.155 - - [01/Jan/2020:08:12:43 -0800] "GET /robots.txt HTTP/1.1" 200 244 "-" "Mozilla/5.0 (Linux; Android 8.0; Pixel 2 Build/OPD3.170816.012) AppleWebKit/537.36 (KHTML, like Gecko) Chrome/53.0.8280.1774 Mobile Safari/537.36" 
216.244.66.245 - - [01/Jan/2020:08:22:53 -0800] "GET /robots.txt HTTP/1.1" 200 244 "-" "Mozilla/5.0 (compatible; DotBot/1.1; http://www.opensiteexplorer.org/dotbot, help@moz.com)" 
220.181.108.120 - - [01/Jan/2020:08:23:11 -0800] "GET / HTTP/1.1" 301 438 "-" "Mozilla/5.0 (compatible; Baiduspider/2.0; +http://www.baidu.com/search/spider.html)" 
220.181.108.156 - - [01/Jan/2020:08:23:14 -0800] "GET / HTTP/1.1" 200 12624 "-" "Mozilla/5.0 (compatible; Baiduspider/2.0; +http://www.baidu.com/search/spider.html)" 
111.206.198.54 - - [01/Jan/2020:08:23:17 -0800] "GET /css/style.css HTTP/1.1" 404 250 "http://www.secrepo.com/" "Mozilla/5.0 (compatible; Baiduspider-render/2.0; +http://www.baidu.com/search/spider.html)" 
216.244.66.245 - - [01/Jan/2020:08:26:12 -0800] "GET /self.logs/access.log.2019-11-30.gz HTTP/1.1" 200 21661 "-" "Mozilla/5.0 (compatible; DotBot/1.1; http://www.opensiteexplorer.org/dotbot, help@moz.com)" 
216.244.66.245 - - [01/Jan/2020:08:26:15 -0800] "GET /self.logs/access.log.2019-12-24.gz HTTP/1.1" 200 13885 "-" "Mozilla/5.0 (compatible; DotBot/1.1; http://www.opensiteexplorer.org/dotbot, help@moz.com)" 
216.244.66.245 - - [01/Jan/2020:08:29:25 -0800] "GET /self.logs/error.log.2018-10-27.gz HTTP/1.1" 200 5345 "-" "Mozilla/5.0 (compatible; DotBot/1.1; http://www.opensiteexplorer.org/dotbot, help@moz.com)" 
113.171.224.176 - - [01/Jan/2020:08:33:40 -0800] "GET /honeypot/Honeypot%20-%20Howto.pdf HTTP/1.1" 200 61320 "-" "Mozilla/5.0 Gecko/20100115 Firefox/3.6" 
209.58.142.155 - - [01/Jan/2020:08:44:28 -0800] "GET / HTTP/1.1" 200 12661 "-" "Vienna/7130 (Macintosh; Intel macOS 10_13_6)" 
162.241.148.253 - - [01/Jan/2020:09:19:59 -0800] "HEAD / HTTP/1.1" 200 280 "https://www.ilovephd.com" "Mozilla/5.0 (Windows NT 10.0; Win64; x64) AppleWebKit/537.36 (KHTML, like Gecko) Chrome/70.0.3538.102 Safari/537.36" 
113.171.224.176 - - [01/Jan/2020:09:37:52 -0800] "GET /honeypot/Honeypot%20-%20Howto.pdf HTTP/1.1" 200 61320 "-" "Mozilla/5.0 Gecko/20100115 Firefox/3.6" 
216.244.66.245 - - [01/Jan/2020:09:39:13 -0800] "GET /self.logs/error.log.2019-11-30.gz HTTP/1.1" 200 1962 "-" "Mozilla/5.0 (compatible; DotBot/1.1; http://www.opensiteexplorer.org/dotbot, help@moz.com)" 
216.244.66.245 - - [01/Jan/2020:09:39:16 -0800] "GET /self.logs/error.log.2019-12-13.gz HTTP/1.1" 200 923 "-" "Mozilla/5.0 (compatible; DotBot/1.1; http://www.opensiteexplorer.org/dotbot, help@moz.com)" 
209.58.142.155 - - [01/Jan/2020:09:40:03 -0800] "GET / HTTP/1.1" 200 12661 "-" "Vienna/7130 (Macintosh; Intel macOS 10_13_6)" 
216.244.66.245 - - [01/Jan/2020:09:41:35 -0800] "GET /self.logs/access.log.2018-11-21.gz HTTP/1.1" 200 68887 "-" "Mozilla/5.0 (compatible; DotBot/1.1; http://www.opensiteexplorer.org/dotbot, help@moz.com)" 
216.244.66.245 - - [01/Jan/2020:09:41:41 -0800] "GET /self.logs/access.log.2018-12-10.gz HTTP/1.1" 200 24812 "-" "Mozilla/5.0 (compatible; DotBot/1.1; http://www.opensiteexplorer.org/dotbot, help@moz.com)" 
40.77.167.172 - - [01/Jan/2020:09:48:25 -0800] "GET /self.logs/error.log.2018-06-23.gz HTTP/1.1" 200 5482 "-" "Mozilla/5.0 (compatible; bingbot/2.0; +http://www.bing.com/bingbot.htm)" 
88.122.190.19 - - [01/Jan/2020:09:49:13 -0800] "GET /Datasets%20Description/PE_malware/VirusShare.html HTTP/1.1" 200 1572 "https://www.google.com/" "Mozilla/5.0 (X11; Ubuntu; Linux x86_64; rv:71.0) Gecko/20100101 Firefox/71.0" 
88.122.190.19 - - [01/Jan/2020:09:49:14 -0800] "GET /favicon.ico HTTP/1.1" 200 279 "-" "Mozilla/5.0 (X11; Ubuntu; Linux x86_64; rv:71.0) Gecko/20100101 Firefox/71.0" 
162.210.196.98 - - [01/Jan/2020:09:50:20 -0800] "GET /robots.txt HTTP/1.1" 301 495 "-" "Mozilla/5.0 (compatible; MJ12bot/v1.4.8; http://mj12bot.com/)" 
162.210.196.98 - - [01/Jan/2020:09:50:21 -0800] "GET /robots.txt HTTP/1.1" 200 288 "-" "Mozilla/5.0 (compatible; MJ12bot/v1.4.8; http://mj12bot.com/)" 
162.210.196.98 - - [01/Jan/2020:09:50:25 -0800] "GET / HTTP/1.1" 301 419 "-" "Mozilla/5.0 (compatible; MJ12bot/v1.4.8; http://mj12bot.com/)" 
162.210.196.98 - - [01/Jan/2020:09:50:28 -0800] "GET / HTTP/1.1" 200 12616 "-" "Mozilla/5.0 (compatible; MJ12bot/v1.4.8; http://mj12bot.com/)" 
36.110.147.96 - - [01/Jan/2020:10:01:58 -0800] "GET /robots.txt HTTP/1.1" 301 458 "-" "Sogou web spider/4.0(+http://www.sogou.com/docs/help/webmasters.htm#07)" 
157.55.39.237 - - [01/Jan/2020:10:03:33 -0800] "GET /self.logs/error.log.2017-06-28.gz HTTP/1.1" 200 862 "-" "Mozilla/5.0 (compatible; bingbot/2.0; +http://www.bing.com/bingbot.htm)" 
24.52.171.49 - - [01/Jan/2020:10:11:17 -0800] "GET / HTTP/1.1" 200 12659 "-" "Mozilla/5.0 (Windows NT 10.0; Win64; x64) AppleWebKit/537.36 (KHTML, like Gecko) Chrome/79.0.3945.88 Safari/537.36" 
24.52.171.49 - - [01/Jan/2020:10:11:17 -0800] "GET /css/style.css HTTP/1.1" 404 271 "http://www.secrepo.com/" "Mozilla/5.0 (Windows NT 10.0; Win64; x64) AppleWebKit/537.36 (KHTML, like Gecko) Chrome/79.0.3945.88 Safari/537.36" 
24.52.171.49 - - [01/Jan/2020:10:11:18 -0800] "GET /twitter-icon.png HTTP/1.1" 200 27787 "http://www.secrepo.com/" "Mozilla/5.0 (Windows NT 10.0; Win64; x64) AppleWebKit/537.36 (KHTML, like Gecko) Chrome/79.0.3945.88 Safari/537.36" 
24.52.171.49 - - [01/Jan/2020:10:11:18 -0800] "GET /GitHub-Mark.png HTTP/1.1" 200 7427 "http://www.secrepo.com/" "Mozilla/5.0 (Windows NT 10.0; Win64; x64) AppleWebKit/537.36 (KHTML, like Gecko) Chrome/79.0.3945.88 Safari/537.36" 
24.52.171.49 - - [01/Jan/2020:10:11:19 -0800] "GET /bootstrap/img/favicon.ico HTTP/1.1" 200 601 "http://www.secrepo.com/" "Mozilla/5.0 (Windows NT 10.0; Win64; x64) AppleWebKit/537.36 (KHTML, like Gecko) Chrome/79.0.3945.88 Safari/537.36" 
24.52.171.49 - - [01/Jan/2020:10:12:21 -0800] "GET /css/style.css HTTP/1.1" 404 294 "http://www.secrepo.com/" "Mozilla/5.0 (Windows NT 10.0; Win64; x64) AppleWebKit/537.36 (KHTML, like Gecko) Chrome/79.0.3945.88 Safari/537.36" 
36.110.147.96 - - [01/Jan/2020:10:12:55 -0800] "GET / HTTP/1.1" 301 475 "http://www.sogou.com/web?query=site%3Asecrepo.com" "Mozilla/5.0 (Windows NT 6.1; Win64; x64) AppleWebKit/537.36 (KHTML, like Gecko) Chrome/74.0.3729.169 Safari/537.36" 
36.110.147.96 - - [01/Jan/2020:10:12:55 -0800] "GET / HTTP/1.1" 200 12659 "http://www.sogou.com/web?query=site%3Asecrepo.com" "Mozilla/5.0 (Windows NT 6.1; Win64; x64) AppleWebKit/537.36 (KHTML, like Gecko) Chrome/74.0.3729.169 Safari/537.36" 
82.217.79.148 - - [01/Jan/2020:10:13:11 -0800] "GET /self.logs/2016/ HTTP/1.1" 200 7781 "http://www.secrepo.com/self.logs/" "Mozilla/5.0 (Macintosh; Intel Mac OS X 10_14_5) AppleWebKit/537.36 (KHTML, like Gecko) Chrome/79.0.3945.88 Safari/537.36" 
82.217.79.148 - - [01/Jan/2020:10:13:12 -0800] "GET /favicon.ico HTTP/1.1" 200 279 "http://www.secrepo.com/self.logs/2016/" "Mozilla/5.0 (Macintosh; Intel Mac OS X 10_14_5) AppleWebKit/537.36 (KHTML, like Gecko) Chrome/79.0.3945.88 Safari/537.36" 
82.217.79.148 - - [01/Jan/2020:10:13:16 -0800] "GET /self.logs/ HTTP/1.1" 200 20238 "http://www.secrepo.com/" "Mozilla/5.0 (Macintosh; Intel Mac OS X 10_14_5) AppleWebKit/537.36 (KHTML, like Gecko) Chrome/79.0.3945.88 Safari/537.36" 
82.217.79.148 - - [01/Jan/2020:10:13:24 -0800] "GET / HTTP/1.1" 200 12659 "-" "Mozilla/5.0 (Macintosh; Intel Mac OS X 10_14_5) AppleWebKit/537.36 (KHTML, like Gecko) Chrome/79.0.3945.88 Safari/537.36" 
82.217.79.148 - - [01/Jan/2020:10:13:24 -0800] "GET /css/style.css HTTP/1.1" 404 271 "http://www.secrepo.com/" "Mozilla/5.0 (Macintosh; Intel Mac OS X 10_14_5) AppleWebKit/537.36 (KHTML, like Gecko) Chrome/79.0.3945.88 Safari/537.36" 
82.217.79.148 - - [01/Jan/2020:10:13:26 -0800] "GET /bootstrap/img/favicon.ico HTTP/1.1" 200 601 "http://www.secrepo.com/" "Mozilla/5.0 (Macintosh; Intel Mac OS X 10_14_5) AppleWebKit/537.36 (KHTML, like Gecko) Chrome/79.0.3945.88 Safari/537.36" 
66.249.93.77 - - [01/Jan/2020:10:17:12 -0800] "GET / HTTP/1.1" 200 12661 "-" "Mozilla/5.0 (X11; Linux x86_64) AppleWebKit/537.36 (KHTML, like Gecko) Chrome/49.0.2623.75 Safari/537.36 Google Favicon" 
66.249.93.75 - - [01/Jan/2020:10:17:12 -0800] "GET /bootstrap/img/favicon.ico HTTP/1.1" 200 624 "-" "Mozilla/5.0 (X11; Linux x86_64) AppleWebKit/537.36 (KHTML, like Gecko) Chrome/49.0.2623.75 Safari/537.36 Google Favicon" 
40.77.167.172 - - [01/Jan/2020:10:18:06 -0800] "GET /self.logs/error.log.2017-12-12.gz HTTP/1.1" 200 1761 "-" "Mozilla/5.0 (compatible; bingbot/2.0; +http://www.bing.com/bingbot.htm)" 
18.237.27.204 - - [01/Jan/2020:10:21:06 -0800] "GET /Datasets%20Description/HTML_Bro_log_2/http.html HTTP/1.1" 200 6676 "-" "Mozilla/5.0 (Windows NT 6.1; Win64; x64) AppleWebKit/537.36 (KHTML, like Gecko) Chrome/72.0.3626.109 Safari/537.36" 
216.244.66.245 - - [01/Jan/2020:10:30:57 -0800] "GET /self.logs/access.log.2019-12-15.gz HTTP/1.1" 200 16617 "-" "Mozilla/5.0 (compatible; DotBot/1.1; http://www.opensiteexplorer.org/dotbot, help@moz.com)" 
216.244.66.245 - - [01/Jan/2020:10:36:52 -0800] "GET /self.logs/access.log.2018-05-31.gz HTTP/1.1" 200 23834 "-" "Mozilla/5.0 (compatible; DotBot/1.1; http://www.opensiteexplorer.org/dotbot, help@moz.com)" 
216.244.66.245 - - [01/Jan/2020:10:36:56 -0800] "GET /self.logs/access.log.2018-07-20.gz HTTP/1.1" 200 20337 "-" "Mozilla/5.0 (compatible; DotBot/1.1; http://www.opensiteexplorer.org/dotbot, help@moz.com)" 
216.244.66.245 - - [01/Jan/2020:10:36:58 -0800] "GET /self.logs/access.log.2018-08-15.gz HTTP/1.1" 200 22123 "-" "Mozilla/5.0 (compatible; DotBot/1.1; http://www.opensiteexplorer.org/dotbot, help@moz.com)" 
216.244.66.245 - - [01/Jan/2020:10:37:00 -0800] "GET /self.logs/access.log.2018-10-09.gz HTTP/1.1" 200 21990 "-" "Mozilla/5.0 (compatible; DotBot/1.1; http://www.opensiteexplorer.org/dotbot, help@moz.com)" 
216.244.66.245 - - [01/Jan/2020:10:37:04 -0800] "GET /self.logs/access.log.2018-10-23.gz HTTP/1.1" 200 22046 "-" "Mozilla/5.0 (compatible; DotBot/1.1; http://www.opensiteexplorer.org/dotbot, help@moz.com)" 
216.244.66.245 - - [01/Jan/2020:10:37:06 -0800] "GET /self.logs/access.log.2018-11-16.gz HTTP/1.1" 200 30915 "-" "Mozilla/5.0 (compatible; DotBot/1.1; http://www.opensiteexplorer.org/dotbot, help@moz.com)" 
216.244.66.245 - - [01/Jan/2020:10:37:07 -0800] "GET /self.logs/access.log.2019-03-12.gz HTTP/1.1" 200 17249 "-" "Mozilla/5.0 (compatible; DotBot/1.1; http://www.opensiteexplorer.org/dotbot, help@moz.com)" 
216.244.66.245 - - [01/Jan/2020:10:37:13 -0800] "GET /self.logs/access.log.2019-03-15.gz HTTP/1.1" 200 21128 "-" "Mozilla/5.0 (compatible; DotBot/1.1; http://www.opensiteexplorer.org/dotbot, help@moz.com)" 
39.99.228.91 - - [01/Jan/2020:10:37:15 -0800] "GET /router.php HTTP/1.1" 404 294 "-" "Mozilla/5.0 (Windows NT 10.0; WOW64; rv:48.0) Gecko/20100101 Firefox/48.0" 
209.58.142.155 - - [01/Jan/2020:10:37:52 -0800] "GET / HTTP/1.1" 200 12660 "-" "Vienna/7130 (Macintosh; Intel macOS 10_13_6)" 
216.244.66.245 - - [01/Jan/2020:10:38:11 -0800] "GET /self.logs/2015/access.log.2015-02-01.gz HTTP/1.1" 200 2557 "-" "Mozilla/5.0 (compatible; DotBot/1.1; http://www.opensiteexplorer.org/dotbot, help@moz.com)" 
216.244.66.245 - - [01/Jan/2020:10:38:12 -0800] "GET /self.logs/2015/access.log.2015-10-02.gz HTTP/1.1" 200 3719 "-" "Mozilla/5.0 (compatible; DotBot/1.1; http://www.opensiteexplorer.org/dotbot, help@moz.com)" 
216.244.66.245 - - [01/Jan/2020:10:38:13 -0800] "GET /self.logs/2015/error.log.2015-05-07.gz HTTP/1.1" 200 2558 "-" "Mozilla/5.0 (compatible; DotBot/1.1; http://www.opensiteexplorer.org/dotbot, help@moz.com)" 
216.244.66.245 - - [01/Jan/2020:10:38:14 -0800] "GET /self.logs/2015/error.log.2015-06-11.gz HTTP/1.1" 200 625 "-" "Mozilla/5.0 (compatible; DotBot/1.1; http://www.opensiteexplorer.org/dotbot, help@moz.com)" 
216.244.66.245 - - [01/Jan/2020:10:38:15 -0800] "GET /self.logs/2015/error.log.2015-07-05.gz HTTP/1.1" 200 793 "-" "Mozilla/5.0 (compatible; DotBot/1.1; http://www.opensiteexplorer.org/dotbot, help@moz.com)" 
216.244.66.245 - - [01/Jan/2020:10:38:16 -0800] "GET /self.logs/2015/error.log.2015-08-03.gz HTTP/1.1" 200 637 "-" "Mozilla/5.0 (compatible; DotBot/1.1; http://www.opensiteexplorer.org/dotbot, help@moz.com)" 
216.244.66.245 - - [01/Jan/2020:10:38:17 -0800] "GET /self.logs/2015/error.log.2015-11-18.gz HTTP/1.1" 200 918 "-" "Mozilla/5.0 (compatible; DotBot/1.1; http://www.opensiteexplorer.org/dotbot, help@moz.com)" 
216.244.66.245 - - [01/Jan/2020:10:38:18 -0800] "GET /self.logs/2015/error.log.2015-12-21.gz HTTP/1.1" 200 1875 "-" "Mozilla/5.0 (compatible; DotBot/1.1; http://www.opensiteexplorer.org/dotbot, help@moz.com)" 
216.244.66.245 - - [01/Jan/2020:10:38:19 -0800] "GET /self.logs/2016/access.log.2016-01-03.gz HTTP/1.1" 200 5121 "-" "Mozilla/5.0 (compatible; DotBot/1.1; http://www.opensiteexplorer.org/dotbot, help@moz.com)" 
216.244.66.245 - - [01/Jan/2020:10:38:20 -0800] "GET /self.logs/2016/access.log.2016-07-08.gz HTTP/1.1" 200 7016 "-" "Mozilla/5.0 (compatible; DotBot/1.1; http://www.opensiteexplorer.org/dotbot, help@moz.com)" 
216.244.66.245 - - [01/Jan/2020:10:38:21 -0800] "GET /self.logs/2016/error.log.2016-03-12.gz HTTP/1.1" 200 657 "-" "Mozilla/5.0 (compatible; DotBot/1.1; http://www.opensiteexplorer.org/dotbot, help@moz.com)" 
216.244.66.245 - - [01/Jan/2020:10:38:22 -0800] "GET /self.logs/2016/error.log.2016-06-07.gz HTTP/1.1" 200 816 "-" "Mozilla/5.0 (compatible; DotBot/1.1; http://www.opensiteexplorer.org/dotbot, help@moz.com)" 
113.171.224.176 - - [01/Jan/2020:10:40:54 -0800] "GET /honeypot/Honeypot%20-%20Howto.pdf HTTP/1.1" 200 61320 "-" "Mozilla/5.0 Gecko/20100115 Firefox/3.6" 
86.245.172.88 - - [01/Jan/2020:10:43:34 -0800] "GET / HTTP/1.1" 200 12660 "-" "Mozilla/5.0 (Windows NT 6.3; Win64; x64) AppleWebKit/537.36 (KHTML, like Gecko) Chrome/78.0.3904.108 Safari/537.36 OPR/65.0.3467.78" 
86.245.172.88 - - [01/Jan/2020:10:43:34 -0800] "GET /css/style.css HTTP/1.1" 404 271 "http://www.secrepo.com/" "Mozilla/5.0 (Windows NT 6.3; Win64; x64) AppleWebKit/537.36 (KHTML, like Gecko) Chrome/78.0.3904.108 Safari/537.36 OPR/65.0.3467.78" 
86.245.172.88 - - [01/Jan/2020:10:43:34 -0800] "GET /GitHub-Mark.png HTTP/1.1" 200 7450 "http://www.secrepo.com/" "Mozilla/5.0 (Windows NT 6.3; Win64; x64) AppleWebKit/537.36 (KHTML, like Gecko) Chrome/78.0.3904.108 Safari/537.36 OPR/65.0.3467.78" 
86.245.172.88 - - [01/Jan/2020:10:43:34 -0800] "GET /twitter-icon.png HTTP/1.1" 200 27810 "http://www.secrepo.com/" "Mozilla/5.0 (Windows NT 6.3; Win64; x64) AppleWebKit/537.36 (KHTML, like Gecko) Chrome/78.0.3904.108 Safari/537.36 OPR/65.0.3467.78" 
86.245.172.88 - - [01/Jan/2020:10:43:36 -0800] "GET /bootstrap/img/favicon.ico HTTP/1.1" 200 601 "http://www.secrepo.com/" "Mozilla/5.0 (Windows NT 6.3; Win64; x64) AppleWebKit/537.36 (KHTML, like Gecko) Chrome/78.0.3904.108 Safari/537.36 OPR/65.0.3467.78" 
178.137.19.29 - - [01/Jan/2020:10:44:47 -0800] "GET /Datasets%20Description/Network/ HTTP/1.1" 200 1546 "https://vchulkah.net/" "Mozilla/4.0 (compatible; MSIE 6.0; Windows NT 5.1; Q312461)" 
178.137.19.29 - - [01/Jan/2020:10:44:48 -0800] "GET /Datasets%20Description/Network/ HTTP/1.1" 200 1546 "https://vchulkah.net/" "Mozilla/4.0 (compatible; MSIE 6.0; Windows NT 5.1; Q312461)" 
178.137.19.29 - - [01/Jan/2020:10:44:49 -0800] "GET /Datasets%20Description/Network/ HTTP/1.1" 200 1546 "https://vchulkah.net/" "Mozilla/4.0 (compatible; MSIE 6.0; Windows NT 5.1; Q312461)" 
86.245.172.88 - - [01/Jan/2020:10:55:57 -0800] "GET /pe_static/apt1.zip HTTP/1.1" 200 1983350 "-" "Mozilla/5.0 (Windows NT 6.3; Win64; x64) AppleWebKit/537.36 (KHTML, like Gecko) Chrome/78.0.3904.108 Safari/537.36 OPR/65.0.3467.78" 
81.255.240.43 - - [01/Jan/2020:10:59:39 -0800] "GET / HTTP/1.1" 200 47355 "https://www.google.com" "Mozilla/5.0 (Windows NT 10.0; Win64; x64) AppleWebKit/537.36 (KHTML, like Gecko) Chrome/74.0.3729.169 Safari/537.36" 
107.21.195.222 - - [01/Jan/2020:11:00:12 -0800] "GET / HTTP/1.1" 200 12617 "-" "Mozilla/5.0 (compatible; startmebot/1.0; +https://start.me/bot)" 
86.245.172.88 - - [01/Jan/2020:11:00:50 -0800] "GET /Datasets%20Description/PE_malware/VirusShare.html HTTP/1.1" 200 1572 "http://www.secrepo.com/" "Mozilla/5.0 (Windows NT 6.3; Win64; x64) AppleWebKit/537.36 (KHTML, like Gecko) Chrome/78.0.3904.108 Safari/537.36 OPR/65.0.3467.78" 
86.245.172.88 - - [01/Jan/2020:11:00:51 -0800] "GET /favicon.ico HTTP/1.1" 200 279 "http://www.secrepo.com/Datasets%20Description/PE_malware/VirusShare.html" "Mozilla/5.0 (Windows NT 6.3; Win64; x64) AppleWebKit/537.36 (KHTML, like Gecko) Chrome/78.0.3904.108 Safari/537.36 OPR/65.0.3467.78" 
86.245.172.88 - - [01/Jan/2020:11:00:57 -0800] "GET / HTTP/1.1" 200 12661 "http://www.secrepo.com/Datasets%20Description/PE_malware/VirusShare.html" "Mozilla/5.0 (Windows NT 6.3; Win64; x64) AppleWebKit/537.36 (KHTML, like Gecko) Chrome/78.0.3904.108 Safari/537.36 OPR/65.0.3467.78" 
86.245.172.88 - - [01/Jan/2020:11:00:57 -0800] "GET /css/style.css HTTP/1.1" 404 271 "http://www.secrepo.com/" "Mozilla/5.0 (Windows NT 6.3; Win64; x64) AppleWebKit/537.36 (KHTML, like Gecko) Chrome/78.0.3904.108 Safari/537.36 OPR/65.0.3467.78" 
86.245.172.88 - - [01/Jan/2020:11:01:16 -0800] "GET / HTTP/1.1" 200 12661 "http://www.secrepo.com/Datasets%20Description/PE_malware/VirusShare.html" "Mozilla/5.0 (Windows NT 6.3; Win64; x64) AppleWebKit/537.36 (KHTML, like Gecko) Chrome/78.0.3904.108 Safari/537.36 OPR/65.0.3467.78" 
86.245.172.88 - - [01/Jan/2020:11:01:17 -0800] "GET /css/style.css HTTP/1.1" 404 271 "http://www.secrepo.com/" "Mozilla/5.0 (Windows NT 6.3; Win64; x64) AppleWebKit/537.36 (KHTML, like Gecko) Chrome/78.0.3904.108 Safari/537.36 OPR/65.0.3467.78" 
86.245.172.88 - - [01/Jan/2020:11:03:11 -0800] "GET / HTTP/1.1" 200 12661 "http://www.secrepo.com/Datasets%20Description/PE_malware/VirusShare.html" "Mozilla/5.0 (Windows NT 6.3; Win64; x64) AppleWebKit/537.36 (KHTML, like Gecko) Chrome/78.0.3904.108 Safari/537.36 OPR/65.0.3467.78" 
86.245.172.88 - - [01/Jan/2020:11:03:12 -0800] "GET /css/style.css HTTP/1.1" 404 271 "http://www.secrepo.com/" "Mozilla/5.0 (Windows NT 6.3; Win64; x64) AppleWebKit/537.36 (KHTML, like Gecko) Chrome/78.0.3904.108 Safari/537.36 OPR/65.0.3467.78" 
86.245.172.88 - - [01/Jan/2020:11:07:37 -0800] "GET /pe_static/zeus.zip HTTP/1.1" 200 51367133 "-" "Mozilla/5.0 (Windows NT 6.3; Win64; x64) AppleWebKit/537.36 (KHTML, like Gecko) Chrome/78.0.3904.108 Safari/537.36 OPR/65.0.3467.78" 
86.245.172.88 - - [01/Jan/2020:11:08:18 -0800] "GET /pe_static/zeus.zip HTTP/1.1" 200 51367133 "-" "Mozilla/5.0 (Windows NT 6.3; Win64; x64) AppleWebKit/537.36 (KHTML, like Gecko) Chrome/78.0.3904.108 Safari/537.36 OPR/65.0.3467.78" 
216.244.66.245 - - [01/Jan/2020:11:19:30 -0800] "GET /self.logs/access.log.2018-05-22.gz HTTP/1.1" 200 19433 "-" "Mozilla/5.0 (compatible; DotBot/1.1; http://www.opensiteexplorer.org/dotbot, help@moz.com)" 
216.244.66.245 - - [01/Jan/2020:11:19:33 -0800] "GET /self.logs/access.log.2018-07-09.gz HTTP/1.1" 200 23859 "-" "Mozilla/5.0 (compatible; DotBot/1.1; http://www.opensiteexplorer.org/dotbot, help@moz.com)" 
216.244.66.245 - - [01/Jan/2020:11:19:36 -0800] "GET /self.logs/access.log.2018-08-30.gz HTTP/1.1" 200 36039 "-" "Mozilla/5.0 (compatible; DotBot/1.1; http://www.opensiteexplorer.org/dotbot, help@moz.com)" 
216.244.66.245 - - [01/Jan/2020:11:19:36 -0800] "GET /self.logs/error.log.2018-02-18.gz HTTP/1.1" 200 3373 "-" "Mozilla/5.0 (compatible; DotBot/1.1; http://www.opensiteexplorer.org/dotbot, help@moz.com)" 
216.244.66.245 - - [01/Jan/2020:11:19:40 -0800] "GET /self.logs/error.log.2018-03-13.gz HTTP/1.1" 200 6062 "-" "Mozilla/5.0 (compatible; DotBot/1.1; http://www.opensiteexplorer.org/dotbot, help@moz.com)" 
216.244.66.245 - - [01/Jan/2020:11:19:43 -0800] "GET /self.logs/error.log.2018-04-24.gz HTTP/1.1" 200 4897 "-" "Mozilla/5.0 (compatible; DotBot/1.1; http://www.opensiteexplorer.org/dotbot, help@moz.com)" 
216.244.66.245 - - [01/Jan/2020:11:19:44 -0800] "GET /self.logs/error.log.2018-05-26.gz HTTP/1.1" 200 5800 "-" "Mozilla/5.0 (compatible; DotBot/1.1; http://www.opensiteexplorer.org/dotbot, help@moz.com)" 
216.244.66.245 - - [01/Jan/2020:11:20:37 -0800] "GET /self.logs/2015/access.log.2015-01-23.gz HTTP/1.1" 200 2073 "-" "Mozilla/5.0 (compatible; DotBot/1.1; http://www.opensiteexplorer.org/dotbot, help@moz.com)" 
216.244.66.245 - - [01/Jan/2020:11:20:38 -0800] "GET /self.logs/2015/access.log.2015-04-13.gz HTTP/1.1" 200 3624 "-" "Mozilla/5.0 (compatible; DotBot/1.1; http://www.opensiteexplorer.org/dotbot, help@moz.com)" 
216.244.66.245 - - [01/Jan/2020:11:20:40 -0800] "GET /self.logs/2015/access.log.2015-11-20.gz HTTP/1.1" 200 8305 "-" "Mozilla/5.0 (compatible; DotBot/1.1; http://www.opensiteexplorer.org/dotbot, help@moz.com)" 
216.244.66.245 - - [01/Jan/2020:11:20:40 -0800] "GET /self.logs/2015/access.log.2015-05-04.gz HTTP/1.1" 200 3774 "-" "Mozilla/5.0 (compatible; DotBot/1.1; http://www.opensiteexplorer.org/dotbot, help@moz.com)" 
216.244.66.245 - - [01/Jan/2020:11:20:41 -0800] "GET /self.logs/2015/access.log.2015-11-23.gz HTTP/1.1" 200 8816 "-" "Mozilla/5.0 (compatible; DotBot/1.1; http://www.opensiteexplorer.org/dotbot, help@moz.com)" 
216.244.66.245 - - [01/Jan/2020:11:20:42 -0800] "GET /self.logs/2015/error.log.2015-06-19.gz HTTP/1.1" 200 733 "-" "Mozilla/5.0 (compatible; DotBot/1.1; http://www.opensiteexplorer.org/dotbot, help@moz.com)" 
216.244.66.245 - - [01/Jan/2020:11:20:45 -0800] "GET /self.logs/2016/access.log.2016-11-22.gz HTTP/1.1" 200 10471 "-" "Mozilla/5.0 (compatible; DotBot/1.1; http://www.opensiteexplorer.org/dotbot, help@moz.com)" 
216.244.66.245 - - [01/Jan/2020:11:20:45 -0800] "GET /self.logs/2016/access.log.2016-08-26.gz HTTP/1.1" 200 5850 "-" "Mozilla/5.0 (compatible; DotBot/1.1; http://www.opensiteexplorer.org/dotbot, help@moz.com)" 
216.244.66.245 - - [01/Jan/2020:11:20:46 -0800] "GET /self.logs/2016/error.log.2016-07-03.gz HTTP/1.1" 200 537 "-" "Mozilla/5.0 (compatible; DotBot/1.1; http://www.opensiteexplorer.org/dotbot, help@moz.com)" 
216.244.66.245 - - [01/Jan/2020:11:20:47 -0800] "GET /self.logs/2016/error.log.2016-07-13.gz HTTP/1.1" 200 559 "-" "Mozilla/5.0 (compatible; DotBot/1.1; http://www.opensiteexplorer.org/dotbot, help@moz.com)" 
209.58.142.155 - - [01/Jan/2020:11:37:07 -0800] "GET / HTTP/1.1" 200 12661 "-" "Vienna/7130 (Macintosh; Intel macOS 10_13_6)" 
40.77.167.172 - - [01/Jan/2020:11:39:32 -0800] "GET /self.logs/error.log.2019-02-09.gz HTTP/1.1" 200 2988 "-" "Mozilla/5.0 (compatible; bingbot/2.0; +http://www.bing.com/bingbot.htm)" 
113.171.224.176 - - [01/Jan/2020:11:42:12 -0800] "GET /honeypot/Honeypot%20-%20Howto.pdf HTTP/1.1" 200 61320 "-" "Mozilla/5.0 Gecko/20100115 Firefox/3.6" 
73.243.192.28 - - [01/Jan/2020:11:49:47 -0800] "GET / HTTP/1.1" 200 12661 "-" "Mozilla/5.0 (Windows NT 10.0; Win64; x64) AppleWebKit/537.36 (KHTML, like Gecko) Chrome/79.0.3945.88 Safari/537.36" 
73.243.192.28 - - [01/Jan/2020:11:49:47 -0800] "GET /css/style.css HTTP/1.1" 404 271 "http://www.secrepo.com/" "Mozilla/5.0 (Windows NT 10.0; Win64; x64) AppleWebKit/537.36 (KHTML, like Gecko) Chrome/79.0.3945.88 Safari/537.36" 
73.243.192.28 - - [01/Jan/2020:11:49:48 -0800] "GET /twitter-icon.png HTTP/1.1" 200 27787 "http://www.secrepo.com/" "Mozilla/5.0 (Windows NT 10.0; Win64; x64) AppleWebKit/537.36 (KHTML, like Gecko) Chrome/79.0.3945.88 Safari/537.36" 
73.243.192.28 - - [01/Jan/2020:11:49:48 -0800] "GET /GitHub-Mark.png HTTP/1.1" 200 7450 "http://www.secrepo.com/" "Mozilla/5.0 (Windows NT 10.0; Win64; x64) AppleWebKit/537.36 (KHTML, like Gecko) Chrome/79.0.3945.88 Safari/537.36" 
220.243.136.227 - - [01/Jan/2020:11:49:59 -0800] "GET /robots.txt HTTP/1.1" 200 244 "-" "Mozilla/5.0 (Linux; Android 5.0; SM-G900P Build/LRX21T) AppleWebKit/537.36 (KHTML, like Gecko) Chrome/54.0.7571.1495 Mobile Safari/537.36" 
81.61.7.107 - - [01/Jan/2020:12:03:10 -0800] "GET / HTTP/1.1" 200 12659 "-" "Mozilla/5.0 (Macintosh; Intel Mac OS X 10_14_6) AppleWebKit/605.1.15 (KHTML, like Gecko)" 
81.61.7.107 - - [01/Jan/2020:12:03:10 -0800] "GET /apple-touch-icon-precomposed.png HTTP/1.1" 404 294 "-" "Safari/14607.3.9 CFNetwork/978.0.7 Darwin/18.7.0 (x86_64)" 
81.61.7.107 - - [01/Jan/2020:12:03:10 -0800] "GET /apple-touch-icon.png HTTP/1.1" 404 271 "-" "Safari/14607.3.9 CFNetwork/978.0.7 Darwin/18.7.0 (x86_64)" 
81.61.7.107 - - [01/Jan/2020:12:03:11 -0800] "GET /bootstrap/img/favicon.ico HTTP/1.1" 200 601 "-" "Safari/14607.3.9 CFNetwork/978.0.7 Darwin/18.7.0 (x86_64)" 
81.61.7.107 - - [01/Jan/2020:12:03:11 -0800] "GET / HTTP/1.1" 200 12636 "-" "Mozilla/5.0 (iPhone; CPU iPhone OS 12_1_3 like Mac OS X) AppleWebKit/605.1.15 (KHTML, like Gecko) Version/12.0 Mobile/15E148 Safari/604.1" 
81.61.7.107 - - [01/Jan/2020:12:03:11 -0800] "GET /apple-touch-icon-precomposed.png HTTP/1.1" 404 271 "-" "Safari/14607.3.9 CFNetwork/978.0.7 Darwin/18.7.0 (x86_64)" 
81.61.7.107 - - [01/Jan/2020:12:03:11 -0800] "GET /apple-touch-icon.png HTTP/1.1" 404 271 "-" "Safari/14607.3.9 CFNetwork/978.0.7 Darwin/18.7.0 (x86_64)" 
81.61.7.107 - - [01/Jan/2020:12:03:11 -0800] "GET /bootstrap/img/favicon.ico HTTP/1.1" 200 601 "-" "Safari/14607.3.9 CFNetwork/978.0.7 Darwin/18.7.0 (x86_64)" 
216.244.66.245 - - [01/Jan/2020:12:22:35 -0800] "GET /self.logs/error.log.2019-12-22 HTTP/1.1" 200 218 "-" "Mozilla/5.0 (compatible; DotBot/1.1; http://www.opensiteexplorer.org/dotbot, help@moz.com)" 
40.77.167.172 - - [01/Jan/2020:12:23:35 -0800] "GET /self.logs/access.log.2017-06-21.gz HTTP/1.1" 200 25102 "-" "Mozilla/5.0 (compatible; bingbot/2.0; +http://www.bing.com/bingbot.htm)" 
66.249.64.98 - - [01/Jan/2020:12:29:30 -0800] "GET / HTTP/1.1" 301 475 "-" "Mozilla/5.0 (Linux; Android 6.0.1; Nexus 5X Build/MMB29P) AppleWebKit/537.36 (KHTML, like Gecko) Chrome/41.0.2272.96 Mobile Safari/537.36 (compatible; Googlebot/2.1; +http://www.google.com/bot.html)" 
66.249.64.141 - - [01/Jan/2020:12:30:23 -0800] "GET /css/style.css HTTP/1.1" 404 294 "http://www.secrepo.com/" "Mozilla/5.0 (Linux; Android 6.0.1; Nexus 5X Build/MMB29P) AppleWebKit/537.36 (KHTML, like Gecko) Chrome/41.0.2272.96 Mobile Safari/537.36 (compatible; Googlebot/2.1; +http://www.google.com/bot.html)" 
40.77.167.172 - - [01/Jan/2020:12:36:59 -0800] "GET /self.logs/error.log.2017-08-18.gz HTTP/1.1" 200 811 "-" "Mozilla/5.0 (compatible; bingbot/2.0; +http://www.bing.com/bingbot.htm)" 
209.58.142.155 - - [01/Jan/2020:12:37:36 -0800] "GET / HTTP/1.1" 200 12660 "-" "Vienna/7130 (Macintosh; Intel macOS 10_13_6)" 
206.47.249.246 - - [01/Jan/2020:12:38:42 -0800] "GET /self.logs/error.log.2019-04-23.gz HTTP/1.1" 304 175 "-" "Mozilla/4.0 (compatible;)" 
113.171.224.176 - - [01/Jan/2020:12:43:02 -0800] "GET /honeypot/Honeypot%20-%20Howto.pdf HTTP/1.1" 200 61320 "-" "Mozilla/5.0 Gecko/20100115 Firefox/3.6" 
66.249.64.139 - - [01/Jan/2020:12:50:41 -0800] "GET / HTTP/1.1" 200 12661 "-" "Mozilla/5.0 (Linux; Android 6.0.1; Nexus 5X Build/MMB29P) AppleWebKit/537.36 (KHTML, like Gecko) Chrome/41.0.2272.96 Mobile Safari/537.36 (compatible; Googlebot/2.1; +http://www.google.com/bot.html)" 
157.55.39.237 - - [01/Jan/2020:12:53:18 -0800] "GET /Datasets%20Description/HTML_Bro_log_3/http.html HTTP/1.1" 200 1956 "-" "Mozilla/5.0 (compatible; bingbot/2.0; +http://www.bing.com/bingbot.htm)" 
157.55.39.237 - - [01/Jan/2020:13:03:35 -0800] "GET /self.logs/access.log.2018-06-24.gz HTTP/1.1" 200 17122 "-" "Mozilla/5.0 (compatible; bingbot/2.0; +http://www.bing.com/bingbot.htm)" 
157.55.39.237 - - [01/Jan/2020:13:04:21 -0800] "GET /self.logs/access.log.2018-04-11.gz HTTP/1.1" 200 21174 "-" "Mozilla/5.0 (compatible; bingbot/2.0; +http://www.bing.com/bingbot.htm)" 
216.244.66.245 - - [01/Jan/2020:13:19:39 -0800] "GET /self.logs/error.log.2019-12-26.gz HTTP/1.1" 200 899 "-" "Mozilla/5.0 (compatible; DotBot/1.1; http://www.opensiteexplorer.org/dotbot, help@moz.com)" 
157.55.39.168 - - [01/Jan/2020:13:25:18 -0800] "GET /self.logs/access.log.2019-04-27.gz HTTP/1.1" 200 22198 "-" "Mozilla/5.0 (compatible; bingbot/2.0; +http://www.bing.com/bingbot.htm)" 
157.55.39.237 - - [01/Jan/2020:13:27:56 -0800] "GET /self.logs/error.log.2018-07-04.gz HTTP/1.1" 200 6688 "-" "Mozilla/5.0 (compatible; bingbot/2.0; +http://www.bing.com/bingbot.htm)" 
157.55.39.168 - - [01/Jan/2020:13:33:01 -0800] "GET /self.logs/access.log.2018-08-01.gz HTTP/1.1" 200 45079 "-" "Mozilla/5.0 (compatible; bingbot/2.0; +http://www.bing.com/bingbot.htm)" 
157.55.39.168 - - [01/Jan/2020:13:33:01 -0800] "GET /self.logs/error.log.2019-09-27.gz HTTP/1.1" 200 1476 "-" "Mozilla/5.0 (compatible; bingbot/2.0; +http://www.bing.com/bingbot.htm)" 
