104.209.250.115 - - [01/Jan/2020:20:30:22 -0800] "GET //wp2/wp-includes/wlwmanifest.xml HTTP/1.1" 404 271 "-" "Mozilla/5.0 (Windows NT 10.0; Win64; x64) AppleWebKit/537.36 (KHTML, like Gecko) Chrome/76.0.3809.132 Safari/537.36" 
104.209.250.115 - - [01/Jan/2020:20:30:22 -0800] "GET //site/wp-includes/wlwmanifest.xml HTTP/1.1" 404 271 "-" "Mozilla/5.0 (Windows NT 10.0; Win64; x64) AppleWebKit/537.36 (KHTML, like Gecko) Chrome/76.0.3809.132 Safari/537.36" 
104.209.250.115 - - [01/Jan/2020:20:30:23 -0800] "GET //cms/wp-includes/wlwmanifest.xml HTTP/1.1" 404 271 "-" "Mozilla/5.0 (Windows NT 10.0; Win64; x64) AppleWebKit/537.36 (KHTML, like Gecko) Chrome/76.0.3809.132 Safari/537.36" 
104.209.250.115 - - [01/Jan/2020:20:30:24 -0800] "GET //sito/wp-includes/wlwmanifest.xml HTTP/1.1" 404 271 "-" "Mozilla/5.0 (Windows NT 10.0; Win64; x64) AppleWebKit/537.36 (KHTML, like Gecko) Chrome/76.0.3809.132 Safari/537.36" 
157.55.39.237 - - [01/Jan/2020:20:32:05 -0800] "GET /self.logs/error.log.2019-09-19.gz HTTP/1.1" 200 2299 "-" "Mozilla/5.0 (compatible; bingbot/2.0; +http://www.bing.com/bingbot.htm)" 
157.55.39.237 - - [01/Jan/2020:20:32:05 -0800] "GET /self.logs/error.log.2018-12-25.gz HTTP/1.1" 200 5847 "-" "Mozilla/5.0 (compatible; bingbot/2.0; +http://www.bing.com/bingbot.htm)" 
104.209.250.115 - - [01/Jan/2020:20:32:08 -0800] "GET / HTTP/1.1" 301 475 "-" "Mozilla/5.0 (Windows NT 10.0; Win64; x64) AppleWebKit/537.36 (KHTML, like Gecko) Chrome/76.0.3809.132 Safari/537.36" 
104.209.250.115 - - [01/Jan/2020:20:32:09 -0800] "GET //wp-includes/wlwmanifest.xml HTTP/1.1" 404 294 "-" "Mozilla/5.0 (Windows NT 10.0; Win64; x64) AppleWebKit/537.36 (KHTML, like Gecko) Chrome/76.0.3809.132 Safari/537.36" 
104.209.250.115 - - [01/Jan/2020:20:32:09 -0800] "GET //xmlrpc.php?rsd HTTP/1.1" 404 271 "-" "Mozilla/5.0 (Windows NT 10.0; Win64; x64) AppleWebKit/537.36 (KHTML, like Gecko) Chrome/76.0.3809.132 Safari/537.36" 
104.209.250.115 - - [01/Jan/2020:20:32:09 -0800] "GET / HTTP/1.1" 200 47332 "-" "Mozilla/5.0 (Windows NT 10.0; Win64; x64) AppleWebKit/537.36 (KHTML, like Gecko) Chrome/76.0.3809.132 Safari/537.36" 
104.209.250.115 - - [01/Jan/2020:20:32:09 -0800] "GET //blog/wp-includes/wlwmanifest.xml HTTP/1.1" 404 271 "-" "Mozilla/5.0 (Windows NT 10.0; Win64; x64) AppleWebKit/537.36 (KHTML, like Gecko) Chrome/76.0.3809.132 Safari/537.36" 
104.209.250.115 - - [01/Jan/2020:20:32:10 -0800] "GET //web/wp-includes/wlwmanifest.xml HTTP/1.1" 404 271 "-" "Mozilla/5.0 (Windows NT 10.0; Win64; x64) AppleWebKit/537.36 (KHTML, like Gecko) Chrome/76.0.3809.132 Safari/537.36" 
104.209.250.115 - - [01/Jan/2020:20:32:11 -0800] "GET //wordpress/wp-includes/wlwmanifest.xml HTTP/1.1" 404 271 "-" "Mozilla/5.0 (Windows NT 10.0; Win64; x64) AppleWebKit/537.36 (KHTML, like Gecko) Chrome/76.0.3809.132 Safari/537.36" 
104.209.250.115 - - [01/Jan/2020:20:32:12 -0800] "GET //website/wp-includes/wlwmanifest.xml HTTP/1.1" 404 271 "-" "Mozilla/5.0 (Windows NT 10.0; Win64; x64) AppleWebKit/537.36 (KHTML, like Gecko) Chrome/76.0.3809.132 Safari/537.36" 
104.209.250.115 - - [01/Jan/2020:20:32:13 -0800] "GET //wp/wp-includes/wlwmanifest.xml HTTP/1.1" 404 271 "-" "Mozilla/5.0 (Windows NT 10.0; Win64; x64) AppleWebKit/537.36 (KHTML, like Gecko) Chrome/76.0.3809.132 Safari/537.36" 
104.209.250.115 - - [01/Jan/2020:20:32:14 -0800] "GET //news/wp-includes/wlwmanifest.xml HTTP/1.1" 404 271 "-" "Mozilla/5.0 (Windows NT 10.0; Win64; x64) AppleWebKit/537.36 (KHTML, like Gecko) Chrome/76.0.3809.132 Safari/537.36" 
104.209.250.115 - - [01/Jan/2020:20:32:15 -0800] "GET //2018/wp-includes/wlwmanifest.xml HTTP/1.1" 404 271 "-" "Mozilla/5.0 (Windows NT 10.0; Win64; x64) AppleWebKit/537.36 (KHTML, like Gecko) Chrome/76.0.3809.132 Safari/537.36" 
104.209.250.115 - - [01/Jan/2020:20:32:19 -0800] "GET //2019/wp-includes/wlwmanifest.xml HTTP/1.1" 404 294 "-" "Mozilla/5.0 (Windows NT 10.0; Win64; x64) AppleWebKit/537.36 (KHTML, like Gecko) Chrome/76.0.3809.132 Safari/537.36" 
104.209.250.115 - - [01/Jan/2020:20:32:19 -0800] "GET //shop/wp-includes/wlwmanifest.xml HTTP/1.1" 404 271 "-" "Mozilla/5.0 (Windows NT 10.0; Win64; x64) AppleWebKit/537.36 (KHTML, like Gecko) Chrome/76.0.3809.132 Safari/537.36" 
104.209.250.115 - - [01/Jan/2020:20:32:20 -0800] "GET //wp1/wp-includes/wlwmanifest.xml HTTP/1.1" 404 271 "-" "Mozilla/5.0 (Windows NT 10.0; Win64; x64) AppleWebKit/537.36 (KHTML, like Gecko) Chrome/76.0.3809.132 Safari/537.36" 
104.209.250.115 - - [01/Jan/2020:20:32:23 -0800] "GET //test/wp-includes/wlwmanifest.xml HTTP/1.1" 404 294 "-" "Mozilla/5.0 (Windows NT 10.0; Win64; x64) AppleWebKit/537.36 (KHTML, like Gecko) Chrome/76.0.3809.132 Safari/537.36" 
104.209.250.115 - - [01/Jan/2020:20:32:23 -0800] "GET //media/wp-includes/wlwmanifest.xml HTTP/1.1" 404 271 "-" "Mozilla/5.0 (Windows NT 10.0; Win64; x64) AppleWebKit/537.36 (KHTML, like Gecko) Chrome/76.0.3809.132 Safari/537.36" 
104.209.250.115 - - [01/Jan/2020:20:32:23 -0800] "GET //wp2/wp-includes/wlwmanifest.xml HTTP/1.1" 404 271 "-" "Mozilla/5.0 (Windows NT 10.0; Win64; x64) AppleWebKit/537.36 (KHTML, like Gecko) Chrome/76.0.3809.132 Safari/537.36" 
104.209.250.115 - - [01/Jan/2020:20:32:23 -0800] "GET //site/wp-includes/wlwmanifest.xml HTTP/1.1" 404 271 "-" "Mozilla/5.0 (Windows NT 10.0; Win64; x64) AppleWebKit/537.36 (KHTML, like Gecko) Chrome/76.0.3809.132 Safari/537.36" 
104.209.250.115 - - [01/Jan/2020:20:32:26 -0800] "GET //cms/wp-includes/wlwmanifest.xml HTTP/1.1" 404 294 "-" "Mozilla/5.0 (Windows NT 10.0; Win64; x64) AppleWebKit/537.36 (KHTML, like Gecko) Chrome/76.0.3809.132 Safari/537.36" 
104.209.250.115 - - [01/Jan/2020:20:32:26 -0800] "GET //sito/wp-includes/wlwmanifest.xml HTTP/1.1" 404 271 "-" "Mozilla/5.0 (Windows NT 10.0; Win64; x64) AppleWebKit/537.36 (KHTML, like Gecko) Chrome/76.0.3809.132 Safari/537.36" 
178.137.17.210 - - [01/Jan/2020:20:42:29 -0800] "GET /Datasets%20Description/Network/ HTTP/1.1" 200 1546 "https://stop-nark.ru/" "Mozilla/4.0 (compatible; MSIE 6.0; Windows NT 5.1; Deepnet Explorer 1.5.0; .NET CLR 1.0.3705)" 
178.137.17.210 - - [01/Jan/2020:20:42:29 -0800] "GET /Datasets%20Description/Network/ HTTP/1.1" 200 1546 "https://stop-nark.ru/" "Mozilla/4.0 (compatible; MSIE 6.0; Windows NT 5.1; Deepnet Explorer 1.5.0; .NET CLR 1.0.3705)" 
178.137.17.210 - - [01/Jan/2020:20:42:30 -0800] "GET /Datasets%20Description/Network/ HTTP/1.1" 200 1546 "https://stop-nark.ru/" "Mozilla/4.0 (compatible; MSIE 6.0; Windows NT 5.1; Deepnet Explorer 1.5.0; .NET CLR 1.0.3705)" 
101.200.184.110 - - [01/Jan/2020:20:46:41 -0800] "GET /index.asp../1.php HTTP/1.1" 404 294 "http://www.secrepo.com/index.asp../1.php" "Mozilla/5.0 (compatible; MSIE 9.0; Windows NT 6.1; Win64; x64; Trident/5.0)" 
101.132.129.91 - - [01/Jan/2020:20:49:53 -0800] "GET //index.asp../1.php HTTP/1.1" 404 294 "http://www.secrepo.com//index.asp../1.php" "Mozilla/5.0 (compatible; MSIE 9.0; Windows NT 6.1; Win64; x64; Trident/5.0)" 
101.132.129.91 - - [01/Jan/2020:20:49:57 -0800] "GET //index.asp../1.php HTTP/1.1" 301 509 "http://secrepo.com//index.asp../1.php" "Mozilla/5.0 (compatible; MSIE 9.0; Windows NT 6.1; Win64; x64; Trident/5.0)" 
101.132.129.91 - - [01/Jan/2020:20:49:58 -0800] "GET /index.asp../1.php HTTP/1.1" 404 294 "http://secrepo.com//index.asp../1.php" "Mozilla/5.0 (compatible; MSIE 9.0; Windows NT 6.1; Win64; x64; Trident/5.0)" 
39.104.79.172 - - [01/Jan/2020:20:51:21 -0800] "GET /public/router.php HTTP/1.1" 404 294 "-" "Mozilla/5.0 (Windows NT 10.0; WOW64; rv:48.0) Gecko/20100101 Firefox/48.0" 
157.55.39.237 - - [01/Jan/2020:20:55:23 -0800] "GET /self.logs/error.log.2018-08-28.gz HTTP/1.1" 200 6939 "-" "Mozilla/5.0 (compatible; bingbot/2.0; +http://www.bing.com/bingbot.htm)" 
66.249.80.45 - - [01/Jan/2020:21:08:03 -0800] "GET / HTTP/1.1" 200 12661 "-" "Mozilla/5.0 (X11; Linux x86_64) AppleWebKit/537.36 (KHTML, like Gecko) Chrome/49.0.2623.75 Safari/537.36 Google Favicon" 
66.249.80.47 - - [01/Jan/2020:21:08:03 -0800] "GET /bootstrap/img/favicon.ico HTTP/1.1" 200 624 "-" "Mozilla/5.0 (X11; Linux x86_64) AppleWebKit/537.36 (KHTML, like Gecko) Chrome/49.0.2623.75 Safari/537.36 Google Favicon" 
66.249.64.141 - - [01/Jan/2020:21:14:54 -0800] "GET /Datasets%20Description/HTML_Bro_log_2/irc.html HTTP/1.1" 200 1692 "-" "Mozilla/5.0 (Linux; Android 6.0.1; Nexus 5X Build/MMB29P) AppleWebKit/537.36 (KHTML, like Gecko) Chrome/41.0.2272.96 Mobile Safari/537.36 (compatible; Googlebot/2.1; +http://www.google.com/bot.html)" 
106.206.36.57 - - [01/Jan/2020:21:16:28 -0800] "GET /Datasets%20Description/Network/dns.html HTTP/1.1" 200 1464 "http://www.secrepo.com/" "Mozilla/5.0 (Windows NT 10.0; Win64; x64) AppleWebKit/537.36 (KHTML, like Gecko) Chrome/79.0.3945.88 Safari/537.36" 
106.206.36.57 - - [01/Jan/2020:21:16:29 -0800] "GET /favicon.ico HTTP/1.1" 200 279 "http://www.secrepo.com/Datasets%20Description/Network/dns.html" "Mozilla/5.0 (Windows NT 10.0; Win64; x64) AppleWebKit/537.36 (KHTML, like Gecko) Chrome/79.0.3945.88 Safari/537.36" 
106.206.36.57 - - [01/Jan/2020:21:16:46 -0800] "GET / HTTP/1.1" 200 12661 "-" "Mozilla/5.0 (Windows NT 10.0; Win64; x64) AppleWebKit/537.36 (KHTML, like Gecko) Chrome/79.0.3945.88 Safari/537.36" 
106.206.36.57 - - [01/Jan/2020:21:16:46 -0800] "GET /twitter-icon.png HTTP/1.1" 200 27810 "http://www.secrepo.com/" "Mozilla/5.0 (Windows NT 10.0; Win64; x64) AppleWebKit/537.36 (KHTML, like Gecko) Chrome/79.0.3945.88 Safari/537.36" 
106.206.36.57 - - [01/Jan/2020:21:16:46 -0800] "GET /css/style.css HTTP/1.1" 404 271 "http://www.secrepo.com/" "Mozilla/5.0 (Windows NT 10.0; Win64; x64) AppleWebKit/537.36 (KHTML, like Gecko) Chrome/79.0.3945.88 Safari/537.36" 
106.206.36.57 - - [01/Jan/2020:21:16:47 -0800] "GET /GitHub-Mark.png HTTP/1.1" 200 7450 "http://www.secrepo.com/" "Mozilla/5.0 (Windows NT 10.0; Win64; x64) AppleWebKit/537.36 (KHTML, like Gecko) Chrome/79.0.3945.88 Safari/537.36" 
106.206.36.57 - - [01/Jan/2020:21:16:47 -0800] "GET /bootstrap/img/favicon.ico HTTP/1.1" 200 601 "http://www.secrepo.com/" "Mozilla/5.0 (Windows NT 10.0; Win64; x64) AppleWebKit/537.36 (KHTML, like Gecko) Chrome/79.0.3945.88 Safari/537.36" 
157.55.39.168 - - [01/Jan/2020:21:17:20 -0800] "GET /Datasets%20Description/HTML_Bro_log_1/notice.html HTTP/1.1" 200 1922 "-" "Mozilla/5.0 (compatible; bingbot/2.0; +http://www.bing.com/bingbot.htm)" 
113.171.224.176 - - [01/Jan/2020:21:20:08 -0800] "GET /honeypot/Honeypot%20-%20Howto.pdf HTTP/1.1" 200 61320 "-" "Mozilla/5.0 Gecko/20100115 Firefox/3.6" 
13.94.36.87 - - [01/Jan/2020:21:20:18 -0800] "GET /Datasets%20Description/Network/dns.html HTTP/1.1" 200 1427 "http://www.secrepo.com/" "Mozilla/5.0 (Windows NT 10.0; Win64; x64) AppleWebKit/537.36 (KHTML, like Gecko) Chrome/79.0.3945.94 Safari/537.36" 
13.94.36.87 - - [01/Jan/2020:21:20:20 -0800] "GET /favicon.ico HTTP/1.1" 200 265 "http://www.secrepo.com/Datasets%20Description/Network/dns.html" "Mozilla/5.0 (Windows NT 10.0; Win64; x64) AppleWebKit/537.36 (KHTML, like Gecko) Chrome/79.0.3945.94 Safari/537.36" 
13.94.36.87 - - [01/Jan/2020:21:21:49 -0800] "GET /Datasets%20Description/Network/http.html HTTP/1.1" 200 1593 "http://www.secrepo.com/" "Mozilla/5.0 (Windows NT 10.0; Win64; x64) AppleWebKit/537.36 (KHTML, like Gecko) Chrome/79.0.3945.94 Safari/537.36" 
40.77.167.172 - - [01/Jan/2020:21:26:44 -0800] "GET /Datasets%20Description/PE_malware/VirusShare.html HTTP/1.1" 200 1572 "-" "Mozilla/5.0 (compatible; bingbot/2.0; +http://www.bing.com/bingbot.htm)" 
157.55.39.237 - - [01/Jan/2020:21:32:54 -0800] "GET /self.logs/access.log.2018-02-01.gz HTTP/1.1" 200 30777 "-" "Mozilla/5.0 (compatible; bingbot/2.0; +http://www.bing.com/bingbot.htm)" 
157.55.39.237 - - [01/Jan/2020:21:32:54 -0800] "GET /self.logs/error.log.2017-10-11.gz HTTP/1.1" 200 2189 "-" "Mozilla/5.0 (compatible; bingbot/2.0; +http://www.bing.com/bingbot.htm)" 
157.55.39.168 - - [01/Jan/2020:21:34:10 -0800] "GET /self.logs/access.log.2017-07-10.gz HTTP/1.1" 304 175 "-" "Mozilla/5.0 (compatible; bingbot/2.0; +http://www.bing.com/bingbot.htm)" 
116.233.94.62 - - [01/Jan/2020:21:41:13 -0800] "GET / HTTP/1.1" 200 12660 "-" "Mozilla/5.0 (Macintosh; Intel Mac OS X 10_14_6) AppleWebKit/537.36 (KHTML, like Gecko) Chrome/79.0.3945.88 Safari/537.36" 
116.233.94.62 - - [01/Jan/2020:21:41:13 -0800] "GET /css/style.css HTTP/1.1" 404 271 "http://www.secrepo.com/" "Mozilla/5.0 (Macintosh; Intel Mac OS X 10_14_6) AppleWebKit/537.36 (KHTML, like Gecko) Chrome/79.0.3945.88 Safari/537.36" 
116.233.94.62 - - [01/Jan/2020:21:41:14 -0800] "GET /GitHub-Mark.png HTTP/1.1" 200 7450 "http://www.secrepo.com/" "Mozilla/5.0 (Macintosh; Intel Mac OS X 10_14_6) AppleWebKit/537.36 (KHTML, like Gecko) Chrome/79.0.3945.88 Safari/537.36" 
116.233.94.62 - - [01/Jan/2020:21:41:14 -0800] "GET /twitter-icon.png HTTP/1.1" 200 27787 "http://www.secrepo.com/" "Mozilla/5.0 (Macintosh; Intel Mac OS X 10_14_6) AppleWebKit/537.36 (KHTML, like Gecko) Chrome/79.0.3945.88 Safari/537.36" 
116.233.94.62 - - [01/Jan/2020:21:41:17 -0800] "GET /bootstrap/img/favicon.ico HTTP/1.1" 200 624 "http://www.secrepo.com/" "Mozilla/5.0 (Macintosh; Intel Mac OS X 10_14_6) AppleWebKit/537.36 (KHTML, like Gecko) Chrome/79.0.3945.88 Safari/537.36" 
35.176.181.65 - - [01/Jan/2020:21:43:22 -0800] "GET / HTTP/1.1" 200 12660 "-" "Mozilla/5.0 (Linux; Android 6.0.1; CPH1607 Build/MMB29M; wv) AppleWebKit/537.36 (KHTML, like Gecko) Version/4.0 Chrome/63.0.3239.111 Mobile Safari/537.36" 
157.55.39.237 - - [01/Jan/2020:22:02:53 -0800] "GET /self.logs/2015/ HTTP/1.1" 200 7542 "-" "Mozilla/5.0 (compatible; bingbot/2.0; +http://www.bing.com/bingbot.htm)" 
119.28.67.140 - - [01/Jan/2020:22:07:11 -0800] "GET / HTTP/1.1" 200 12624 "-" "Mozilla/5.0 (Windows NT 10.0; Win64; x64) AppleWebKit/537.36 (KHTML, like Gecko) Chrome/79.0.3945.88 Safari/537.36" 
119.28.67.140 - - [01/Jan/2020:22:07:11 -0800] "GET /css/style.css HTTP/1.1" 404 257 "http://www.secrepo.com/" "Mozilla/5.0 (Windows NT 10.0; Win64; x64) AppleWebKit/537.36 (KHTML, like Gecko) Chrome/79.0.3945.88 Safari/537.36" 
119.28.67.140 - - [01/Jan/2020:22:07:11 -0800] "GET /twitter-icon.png HTTP/1.1" 200 27773 "http://www.secrepo.com/" "Mozilla/5.0 (Windows NT 10.0; Win64; x64) AppleWebKit/537.36 (KHTML, like Gecko) Chrome/79.0.3945.88 Safari/537.36" 
119.28.67.140 - - [01/Jan/2020:22:07:12 -0800] "GET /GitHub-Mark.png HTTP/1.1" 200 7413 "http://www.secrepo.com/" "Mozilla/5.0 (Windows NT 10.0; Win64; x64) AppleWebKit/537.36 (KHTML, like Gecko) Chrome/79.0.3945.88 Safari/537.36" 
119.28.67.140 - - [01/Jan/2020:22:07:43 -0800] "GET /bootstrap/img/favicon.ico HTTP/1.1" 200 587 "http://www.secrepo.com/" "Mozilla/5.0 (Windows NT 10.0; Win64; x64) AppleWebKit/537.36 (KHTML, like Gecko) Chrome/79.0.3945.88 Safari/537.36" 
80.240.22.125 - - [01/Jan/2020:22:22:02 -0800] "GET / HTTP/1.1" 200 12622 "-" "Mozilla/5.0 (Windows NT 10.0; Win64; x64) AppleWebKit/537.36 (KHTML, like Gecko) Chrome/79.0.3945.88 Safari/537.36" 
80.240.22.125 - - [01/Jan/2020:22:22:03 -0800] "GET /css/style.css HTTP/1.1" 404 257 "http://www.secrepo.com/" "Mozilla/5.0 (Windows NT 10.0; Win64; x64) AppleWebKit/537.36 (KHTML, like Gecko) Chrome/79.0.3945.88 Safari/537.36" 
80.240.22.125 - - [01/Jan/2020:22:22:03 -0800] "GET /twitter-icon.png HTTP/1.1" 200 27773 "http://www.secrepo.com/" "Mozilla/5.0 (Windows NT 10.0; Win64; x64) AppleWebKit/537.36 (KHTML, like Gecko) Chrome/79.0.3945.88 Safari/537.36" 
80.240.22.125 - - [01/Jan/2020:22:22:03 -0800] "GET /GitHub-Mark.png HTTP/1.1" 200 7413 "http://www.secrepo.com/" "Mozilla/5.0 (Windows NT 10.0; Win64; x64) AppleWebKit/537.36 (KHTML, like Gecko) Chrome/79.0.3945.88 Safari/537.36" 
80.240.22.125 - - [01/Jan/2020:22:22:11 -0800] "GET /bootstrap/img/favicon.ico HTTP/1.1" 200 587 "http://www.secrepo.com/" "Mozilla/5.0 (Windows NT 10.0; Win64; x64) AppleWebKit/537.36 (KHTML, like Gecko) Chrome/79.0.3945.88 Safari/537.36" 
220.243.136.25 - - [01/Jan/2020:22:23:01 -0800] "GET /robots.txt HTTP/1.1" 200 244 "-" "Mozilla/5.0 (iPhone; CPU iPhone OS 11_0 like Mac OS X) AppleWebKit/537.36 (KHTML, like Gecko) Chrome/45.0.7230.1285 Mobile Safari/537.36" 
40.77.167.172 - - [01/Jan/2020:22:24:27 -0800] "GET /self.logs/error.log.2017-06-22.gz HTTP/1.1" 200 1519 "-" "Mozilla/5.0 (compatible; bingbot/2.0; +http://www.bing.com/bingbot.htm)" 
157.55.39.237 - - [01/Jan/2020:22:24:27 -0800] "GET /self.logs/?C=D;O=A HTTP/1.1" 200 20238 "-" "Mozilla/5.0 (compatible; bingbot/2.0; +http://www.bing.com/bingbot.htm)" 
113.171.224.176 - - [01/Jan/2020:22:24:38 -0800] "GET /honeypot/Honeypot%20-%20Howto.pdf HTTP/1.1" 200 61320 "-" "Mozilla/5.0 Gecko/20100115 Firefox/3.6" 
153.183.235.128 - - [01/Jan/2020:22:25:50 -0800] "GET /self.logs/access.log.2015-02-14.gz HTTP/1.1" 404 294 "-" "Mozilla/5.0 (Macintosh; Intel Mac OS X 10_15_2) AppleWebKit/537.36 (KHTML, like Gecko) Chrome/79.0.3945.88 Safari/537.36" 
157.55.39.237 - - [01/Jan/2020:22:29:07 -0800] "GET /self.logs/access.log.2018-09-20.gz HTTP/1.1" 200 26973 "-" "Mozilla/5.0 (compatible; bingbot/2.0; +http://www.bing.com/bingbot.htm)" 
178.137.17.210 - - [01/Jan/2020:22:34:02 -0800] "GET /Datasets%20Description/Network/ HTTP/1.1" 200 1546 "https://sauni-moskva.ru/" "Mozilla/4.0 (compatible; MSIE 6.0; AOL 9.0; Windows NT 5.1)" 
178.137.17.210 - - [01/Jan/2020:22:34:02 -0800] "GET /Datasets%20Description/Network/ HTTP/1.1" 200 1546 "https://sauni-moskva.ru/" "Mozilla/4.0 (compatible; MSIE 6.0; AOL 9.0; Windows NT 5.1)" 
178.137.17.210 - - [01/Jan/2020:22:34:03 -0800] "GET /Datasets%20Description/Network/ HTTP/1.1" 200 1546 "https://sauni-moskva.ru/" "Mozilla/4.0 (compatible; MSIE 6.0; AOL 9.0; Windows NT 5.1)" 
157.55.39.237 - - [01/Jan/2020:22:34:34 -0800] "GET /self.logs/?C=N;O=A HTTP/1.1" 200 20238 "-" "Mozilla/5.0 (compatible; bingbot/2.0; +http://www.bing.com/bingbot.htm)" 
106.206.105.178 - - [01/Jan/2020:22:42:41 -0800] "GET / HTTP/1.1" 200 12659 "https://www.researchgate.net/" "Mozilla/5.0 (X11; Ubuntu; Linux x86_64; rv:70.0) Gecko/20100101 Firefox/70.0" 
106.206.105.178 - - [01/Jan/2020:22:42:42 -0800] "GET /css/style.css HTTP/1.1" 404 294 "http://www.secrepo.com/" "Mozilla/5.0 (X11; Ubuntu; Linux x86_64; rv:70.0) Gecko/20100101 Firefox/70.0" 
106.206.105.178 - - [01/Jan/2020:22:42:42 -0800] "GET /twitter-icon.png HTTP/1.1" 200 27787 "http://www.secrepo.com/" "Mozilla/5.0 (X11; Ubuntu; Linux x86_64; rv:70.0) Gecko/20100101 Firefox/70.0" 
106.206.105.178 - - [01/Jan/2020:22:42:42 -0800] "GET /GitHub-Mark.png HTTP/1.1" 200 7427 "http://www.secrepo.com/" "Mozilla/5.0 (X11; Ubuntu; Linux x86_64; rv:70.0) Gecko/20100101 Firefox/70.0" 
106.206.105.178 - - [01/Jan/2020:22:42:42 -0800] "GET /bootstrap/img/favicon.ico HTTP/1.1" 200 601 "-" "Mozilla/5.0 (X11; Ubuntu; Linux x86_64; rv:70.0) Gecko/20100101 Firefox/70.0" 
157.55.39.237 - - [01/Jan/2020:22:45:39 -0800] "GET /maccdc2012/files.log.gz HTTP/1.1" 200 1033760 "-" "Mozilla/5.0 (compatible; bingbot/2.0; +http://www.bing.com/bingbot.htm)" 
162.210.196.100 - - [01/Jan/2020:22:59:34 -0800] "GET /robots.txt HTTP/1.1" 200 288 "-" "Mozilla/5.0 (compatible; MJ12bot/v1.4.8; http://mj12bot.com/)" 
162.210.196.100 - - [01/Jan/2020:22:59:36 -0800] "GET / HTTP/1.1" 200 12617 "-" "Mozilla/5.0 (compatible; MJ12bot/v1.4.8; http://mj12bot.com/)" 
216.244.66.245 - - [01/Jan/2020:23:11:22 -0800] "GET /tg/tg_snort_full.7z HTTP/1.1" 200 2714140 "-" "Mozilla/5.0 (compatible; DotBot/1.1; http://www.opensiteexplorer.org/dotbot, help@moz.com)" 
183.63.119.23 - - [01/Jan/2020:23:12:24 -0800] "GET / HTTP/1.1" 200 12660 "https://www.researchgate.net/" "Mozilla/5.0 (Windows NT 10.0; Win64; x64) AppleWebKit/537.36 (KHTML, like Gecko) Chrome/79.0.3945.88 Safari/537.36" 
183.63.119.23 - - [01/Jan/2020:23:12:25 -0800] "GET /css/style.css HTTP/1.1" 404 271 "http://www.secrepo.com/" "Mozilla/5.0 (Windows NT 10.0; Win64; x64) AppleWebKit/537.36 (KHTML, like Gecko) Chrome/79.0.3945.88 Safari/537.36" 
183.63.119.23 - - [01/Jan/2020:23:12:27 -0800] "GET /twitter-icon.png HTTP/1.1" 200 27787 "http://www.secrepo.com/" "Mozilla/5.0 (Windows NT 10.0; Win64; x64) AppleWebKit/537.36 (KHTML, like Gecko) Chrome/79.0.3945.88 Safari/537.36" 
183.63.119.23 - - [01/Jan/2020:23:12:27 -0800] "GET /GitHub-Mark.png HTTP/1.1" 200 7427 "http://www.secrepo.com/" "Mozilla/5.0 (Windows NT 10.0; Win64; x64) AppleWebKit/537.36 (KHTML, like Gecko) Chrome/79.0.3945.88 Safari/537.36" 
216.244.66.245 - - [01/Jan/2020:23:13:15 -0800] "GET /self.logs/error.log.2018-09-07.gz HTTP/1.1" 200 6924 "-" "Mozilla/5.0 (compatible; DotBot/1.1; http://www.opensiteexplorer.org/dotbot, help@moz.com)" 
183.63.119.23 - - [01/Jan/2020:23:13:19 -0800] "GET /bootstrap/img/favicon.ico HTTP/1.1" 200 624 "http://www.secrepo.com/" "Mozilla/5.0 (Windows NT 10.0; Win64; x64) AppleWebKit/537.36 (KHTML, like Gecko) Chrome/79.0.3945.88 Safari/537.36" 
157.55.39.168 - - [01/Jan/2020:23:18:07 -0800] "GET /self.logs/access.log.2017-03-26.gz HTTP/1.1" 200 14186 "-" "Mozilla/5.0 (compatible; bingbot/2.0; +http://www.bing.com/bingbot.htm)" 
40.77.167.174 - - [01/Jan/2020:23:18:13 -0800] "GET /self.logs/error.log.2017-03-23.gz HTTP/1.1" 200 795 "-" "Mozilla/5.0 (compatible; bingbot/2.0; +http://www.bing.com/bingbot.htm)" 
104.46.0.10 - - [01/Jan/2020:23:18:47 -0800] "GET / HTTP/1.1" 200 12615 "-" "awesome_bot" 
104.209.128.39 - - [01/Jan/2020:23:22:04 -0800] "GET / HTTP/1.1" 200 12615 "-" "awesome_bot" 
216.244.66.245 - - [01/Jan/2020:23:22:10 -0800] "GET /self.logs/2016/?C=M;O=D HTTP/1.1" 200 69982 "-" "Mozilla/5.0 (compatible; DotBot/1.1; http://www.opensiteexplorer.org/dotbot, help@moz.com)" 
113.171.224.176 - - [01/Jan/2020:23:27:34 -0800] "GET /honeypot/Honeypot%20-%20Howto.pdf HTTP/1.1" 200 61320 "-" "Mozilla/5.0 Gecko/20100115 Firefox/3.6" 
3.10.174.182 - - [01/Jan/2020:23:36:16 -0800] "GET / HTTP/1.1" 200 12660 "-" "Mozilla/5.0 (Linux; Android 6.0.1; CPH1607 Build/MMB29M; wv) AppleWebKit/537.36 (KHTML, like Gecko) Version/4.0 Chrome/63.0.3239.111 Mobile Safari/537.36" 
37.35.2.213 - - [01/Jan/2020:23:41:45 -0800] "GET / HTTP/1.1" 200 12616 "-" "Synapse/0.99.4" 
37.35.2.213 - - [01/Jan/2020:23:41:45 -0800] "GET /twitter-icon.png HTTP/1.1" 200 27732 "-" "Synapse/0.99.4" 
27.62.41.116 - - [01/Jan/2020:23:51:57 -0800] "GET / HTTP/1.1" 200 12661 "-" "Mozilla/5.0 (Windows NT 10.0; Win64; x64) AppleWebKit/537.36 (KHTML, like Gecko) Chrome/79.0.3945.88 Safari/537.36" 
27.62.41.116 - - [01/Jan/2020:23:51:57 -0800] "GET /css/style.css HTTP/1.1" 404 271 "http://www.secrepo.com/" "Mozilla/5.0 (Windows NT 10.0; Win64; x64) AppleWebKit/537.36 (KHTML, like Gecko) Chrome/79.0.3945.88 Safari/537.36" 
66.249.93.223 - - [01/Jan/2020:23:54:08 -0800] "GET / HTTP/1.1" 301 475 "android-app://com.google.android.googlequicksearchbox" "Mozilla/5.0 (Linux; Android 9; Infinix X626B) AppleWebKit/537.36 (KHTML, like Gecko) Chrome/79.0.3945.93 Mobile Safari/537.36" 
66.249.93.75 - - [01/Jan/2020:23:54:08 -0800] "GET / HTTP/1.1" 200 12661 "android-app://com.google.android.googlequicksearchbox" "Mozilla/5.0 (Linux; Android 9; Infinix X626B) AppleWebKit/537.36 (KHTML, like Gecko) Chrome/79.0.3945.93 Mobile Safari/537.36" 
66.249.93.75 - - [01/Jan/2020:23:54:08 -0800] "GET /css/style.css HTTP/1.1" 404 271 "http://www.secrepo.com/" "Mozilla/5.0 (Linux; Android 9; Infinix X626B) AppleWebKit/537.36 (KHTML, like Gecko) Chrome/79.0.3945.93 Mobile Safari/537.36" 
66.249.93.77 - - [01/Jan/2020:23:54:08 -0800] "GET /twitter-icon.png HTTP/1.1" 200 27810 "http://www.secrepo.com/" "Mozilla/5.0 (Linux; Android 9; Infinix X626B) AppleWebKit/537.36 (KHTML, like Gecko) Chrome/79.0.3945.93 Mobile Safari/537.36" 
66.249.93.77 - - [01/Jan/2020:23:54:08 -0800] "GET /GitHub-Mark.png HTTP/1.1" 200 7450 "http://www.secrepo.com/" "Mozilla/5.0 (Linux; Android 9; Infinix X626B) AppleWebKit/537.36 (KHTML, like Gecko) Chrome/79.0.3945.93 Mobile Safari/537.36" 
66.249.93.79 - - [01/Jan/2020:23:54:11 -0800] "GET /bootstrap/img/favicon.ico HTTP/1.1" 200 624 "http://www.secrepo.com/" "Mozilla/5.0 (Linux; Android 9; Infinix X626B) AppleWebKit/537.36 (KHTML, like Gecko) Chrome/79.0.3945.93 Mobile Safari/537.36" 
157.55.39.237 - - [01/Jan/2020:23:54:42 -0800] "GET /self.logs/access.log.2017-02-09.gz HTTP/1.1" 200 22748 "-" "Mozilla/5.0 (compatible; bingbot/2.0; +http://www.bing.com/bingbot.htm)" 
73.9.40.88 - - [02/Jan/2020:00:01:02 -0800] "GET / HTTP/1.1" 200 12657 "-" "Mozilla/5.0 (Windows NT 10.0; Win64; x64) AppleWebKit/537.36 (KHTML, like Gecko) Chrome/79.0.3945.88 Safari/537.36" 
73.9.40.88 - - [02/Jan/2020:00:01:02 -0800] "GET /css/style.css HTTP/1.1" 404 271 "http://www.secrepo.com/" "Mozilla/5.0 (Windows NT 10.0; Win64; x64) AppleWebKit/537.36 (KHTML, like Gecko) Chrome/79.0.3945.88 Safari/537.36" 
73.9.40.88 - - [02/Jan/2020:00:01:02 -0800] "GET /twitter-icon.png HTTP/1.1" 200 27810 "http://www.secrepo.com/" "Mozilla/5.0 (Windows NT 10.0; Win64; x64) AppleWebKit/537.36 (KHTML, like Gecko) Chrome/79.0.3945.88 Safari/537.36" 
73.9.40.88 - - [02/Jan/2020:00:01:02 -0800] "GET /GitHub-Mark.png HTTP/1.1" 200 7427 "http://www.secrepo.com/" "Mozilla/5.0 (Windows NT 10.0; Win64; x64) AppleWebKit/537.36 (KHTML, like Gecko) Chrome/79.0.3945.88 Safari/537.36" 
73.9.40.88 - - [02/Jan/2020:00:01:03 -0800] "GET /bootstrap/img/favicon.ico HTTP/1.1" 200 601 "http://www.secrepo.com/" "Mozilla/5.0 (Windows NT 10.0; Win64; x64) AppleWebKit/537.36 (KHTML, like Gecko) Chrome/79.0.3945.88 Safari/537.36" 
73.9.40.88 - - [02/Jan/2020:00:01:40 -0800] "GET /Datasets%20Description/Network/http.html HTTP/1.1" 200 1630 "http://www.secrepo.com/" "Mozilla/5.0 (Windows NT 10.0; Win64; x64) AppleWebKit/537.36 (KHTML, like Gecko) Chrome/79.0.3945.88 Safari/537.36" 
73.9.40.88 - - [02/Jan/2020:00:01:41 -0800] "GET /favicon.ico HTTP/1.1" 200 279 "http://www.secrepo.com/Datasets%20Description/Network/http.html" "Mozilla/5.0 (Windows NT 10.0; Win64; x64) AppleWebKit/537.36 (KHTML, like Gecko) Chrome/79.0.3945.88 Safari/537.36" 
73.9.40.88 - - [02/Jan/2020:00:01:44 -0800] "GET / HTTP/1.1" 200 12657 "http://www.secrepo.com/" "Mozilla/5.0 (Windows NT 10.0; Win64; x64) AppleWebKit/537.36 (KHTML, like Gecko) Chrome/79.0.3945.88 Safari/537.36" 
73.9.40.88 - - [02/Jan/2020:00:01:45 -0800] "GET /css/style.css HTTP/1.1" 404 271 "http://www.secrepo.com/" "Mozilla/5.0 (Windows NT 10.0; Win64; x64) AppleWebKit/537.36 (KHTML, like Gecko) Chrome/79.0.3945.88 Safari/537.36" 
18.237.194.11 - - [02/Jan/2020:00:03:11 -0800] "GET / HTTP/1.1" 301 419 "-" "Go-http-client/1.1" 
203.190.170.4 - - [02/Jan/2020:00:07:30 -0800] "GET / HTTP/1.1" 200 12657 "-" "Mozilla/5.0 (Windows NT 6.3; Win64; x64) AppleWebKit/537.36 (KHTML, like Gecko) Chrome/71.0.3578.98 Safari/537.36" 
203.190.170.4 - - [02/Jan/2020:00:07:30 -0800] "GET / HTTP/1.1" 200 12657 "-" "Mozilla/5.0 (Windows NT 6.3; Win64; x64) AppleWebKit/537.36 (KHTML, like Gecko) Chrome/71.0.3578.98 Safari/537.36" 
203.190.170.4 - - [02/Jan/2020:00:08:47 -0800] "GET / HTTP/1.1" 304 175 "-" "Mozilla/5.0 (Windows NT 6.3; Win64; x64) AppleWebKit/537.36 (KHTML, like Gecko) Chrome/71.0.3578.98 Safari/537.36" 
61.82.88.244 - - [02/Jan/2020:00:10:54 -0800] "GET / HTTP/1.1" 200 12657 "-" "Mozilla/5.0 (Windows NT 10.0; Win64; x64) AppleWebKit/537.36 (KHTML, like Gecko) Chrome/79.0.3945.88 Safari/537.36" 
61.82.88.244 - - [02/Jan/2020:00:10:54 -0800] "GET /css/style.css HTTP/1.1" 404 271 "http://www.secrepo.com/" "Mozilla/5.0 (Windows NT 10.0; Win64; x64) AppleWebKit/537.36 (KHTML, like Gecko) Chrome/79.0.3945.88 Safari/537.36" 
61.82.88.244 - - [02/Jan/2020:00:10:54 -0800] "GET /twitter-icon.png HTTP/1.1" 200 27810 "http://www.secrepo.com/" "Mozilla/5.0 (Windows NT 10.0; Win64; x64) AppleWebKit/537.36 (KHTML, like Gecko) Chrome/79.0.3945.88 Safari/537.36" 
61.82.88.244 - - [02/Jan/2020:00:10:54 -0800] "GET /GitHub-Mark.png HTTP/1.1" 200 7450 "http://www.secrepo.com/" "Mozilla/5.0 (Windows NT 10.0; Win64; x64) AppleWebKit/537.36 (KHTML, like Gecko) Chrome/79.0.3945.88 Safari/537.36" 
61.82.88.244 - - [02/Jan/2020:00:10:55 -0800] "GET /bootstrap/img/favicon.ico HTTP/1.1" 200 601 "http://www.secrepo.com/" "Mozilla/5.0 (Windows NT 10.0; Win64; x64) AppleWebKit/537.36 (KHTML, like Gecko) Chrome/79.0.3945.88 Safari/537.36" 
196.200.133.170 - - [01/Jan/2020:23:58:33 -0800] "GET /maccdc2012/conn.log.gz HTTP/1.1" 206 70073640 "-" "Mozilla/5.0 (Linux; Android 9; Infinix X626B) AppleWebKit/537.36 (KHTML, like Gecko) Chrome/79.0.3945.93 Mobile Safari/537.36" 
196.200.133.170 - - [01/Jan/2020:23:58:33 -0800] "GET /maccdc2012/conn.log.gz HTTP/1.1" 206 68951700 "-" "Mozilla/5.0 (Linux; Android 9; Infinix X626B) AppleWebKit/537.36 (KHTML, like Gecko) Chrome/79.0.3945.93 Mobile Safari/537.36" 
196.200.133.170 - - [01/Jan/2020:23:58:33 -0800] "GET /maccdc2012/conn.log.gz HTTP/1.1" 200 75644700 "-" "Mozilla/5.0 (Linux; Android 9; Infinix X626B) AppleWebKit/537.36 (KHTML, like Gecko) Chrome/79.0.3945.93 Mobile Safari/537.36" 
144.202.114.166 - - [02/Jan/2020:00:13:34 -0800] "GET / HTTP/1.0" 301 438 "-" "Mozilla/5.0 (iPad; U; CPU OS 3_2 like Mac OS X; en-us) AppleWebKit/531.21.10 (KHTML, like Gecko) Version/4.0.4 Mobile/7B334b Safari/531.21.102011-10-16 20:23:10" 
144.202.114.166 - - [02/Jan/2020:00:13:34 -0800] "GET / HTTP/1.0" 200 47318 "-" "Mozilla/5.0 (iPad; U; CPU OS 3_2 like Mac OS X; en-us) AppleWebKit/531.21.10 (KHTML, like Gecko) Version/4.0.4 Mobile/7B334b Safari/531.21.102011-10-16 20:23:10" 
196.200.133.170 - - [02/Jan/2020:00:16:47 -0800] "GET / HTTP/1.1" 200 12659 "-" "Mozilla/5.0 (Windows NT 10.0; Win64; x64) AppleWebKit/537.36 (KHTML, like Gecko) Chrome/79.0.3945.88 Safari/537.36" 
196.200.133.170 - - [02/Jan/2020:00:16:48 -0800] "GET /css/style.css HTTP/1.1" 404 271 "http://www.secrepo.com/" "Mozilla/5.0 (Windows NT 10.0; Win64; x64) AppleWebKit/537.36 (KHTML, like Gecko) Chrome/79.0.3945.88 Safari/537.36" 
196.200.133.170 - - [02/Jan/2020:00:16:48 -0800] "GET /twitter-icon.png HTTP/1.1" 200 27787 "http://www.secrepo.com/" "Mozilla/5.0 (Windows NT 10.0; Win64; x64) AppleWebKit/537.36 (KHTML, like Gecko) Chrome/79.0.3945.88 Safari/537.36" 
196.200.133.170 - - [02/Jan/2020:00:16:48 -0800] "GET /GitHub-Mark.png HTTP/1.1" 200 7450 "http://www.secrepo.com/" "Mozilla/5.0 (Windows NT 10.0; Win64; x64) AppleWebKit/537.36 (KHTML, like Gecko) Chrome/79.0.3945.88 Safari/537.36" 
196.200.133.170 - - [02/Jan/2020:00:16:49 -0800] "GET /bootstrap/img/favicon.ico HTTP/1.1" 200 601 "http://www.secrepo.com/" "Mozilla/5.0 (Windows NT 10.0; Win64; x64) AppleWebKit/537.36 (KHTML, like Gecko) Chrome/79.0.3945.88 Safari/537.36" 
220.181.108.77 - - [02/Jan/2020:00:19:47 -0800] "GET / HTTP/1.1" 301 438 "-" "Mozilla/5.0 (compatible; Baiduspider/2.0; +http://www.baidu.com/search/spider.html)" 
220.181.108.113 - - [02/Jan/2020:00:19:48 -0800] "GET / HTTP/1.1" 200 12622 "-" "Mozilla/5.0 (compatible; Baiduspider/2.0; +http://www.baidu.com/search/spider.html)" 
111.206.221.83 - - [02/Jan/2020:00:19:49 -0800] "GET /css/style.css HTTP/1.1" 404 250 "http://www.secrepo.com/" "Mozilla/5.0 (compatible; Baiduspider-render/2.0; +http://www.baidu.com/search/spider.html)" 
192.55.79.166 - - [02/Jan/2020:00:26:15 -0800] "GET /self.logs/ HTTP/1.1" 200 20238 "-" "Mozilla/5.0 (Windows NT 10.0; WOW64) AppleWebKit/537.36 (KHTML, like Gecko) Chrome/79.0.3945.88 Safari/537.36" 
192.55.79.166 - - [02/Jan/2020:00:26:17 -0800] "GET /favicon.ico HTTP/1.1" 200 279 "http://www.secrepo.com/self.logs/" "Mozilla/5.0 (Windows NT 10.0; WOW64) AppleWebKit/537.36 (KHTML, like Gecko) Chrome/79.0.3945.88 Safari/537.36" 
192.55.79.166 - - [02/Jan/2020:00:26:21 -0800] "GET /self.logs/access.log.2017-01-01.gz HTTP/1.1" 200 17573 "http://www.secrepo.com/self.logs/" "Mozilla/5.0 (Windows NT 10.0; WOW64) AppleWebKit/537.36 (KHTML, like Gecko) Chrome/79.0.3945.88 Safari/537.36" 
13.66.139.1 - - [02/Jan/2020:00:29:23 -0800] "GET /robots.txt HTTP/1.1" 200 288 "-" "Mozilla/5.0 (compatible; bingbot/2.0; +http://www.bing.com/bingbot.htm)" 
13.66.139.0 - - [02/Jan/2020:00:29:26 -0800] "GET /self.logs/access.log.2017-03-21.gz HTTP/1.1" 200 26680 "-" "Mozilla/5.0 (compatible; bingbot/2.0; +http://www.bing.com/bingbot.htm)" 
113.171.224.176 - - [02/Jan/2020:00:34:16 -0800] "GET /honeypot/Honeypot%20-%20Howto.pdf HTTP/1.1" 200 61320 "-" "Mozilla/5.0 Gecko/20100115 Firefox/3.6" 
64.62.202.72 - - [02/Jan/2020:00:34:23 -0800] "GET /robots.txt HTTP/1.1" 301 439 "-" "Mozilla/5.0 (compatible; +centuryb.o.t9[at]gmail.com)" 
64.62.202.72 - - [02/Jan/2020:00:34:23 -0800] "GET /robots.txt HTTP/1.1" 200 244 "http://secrepo.com/robots.txt" "Mozilla/5.0 (compatible; +centuryb.o.t9[at]gmail.com)" 
116.50.59.180 - - [02/Jan/2020:00:41:07 -0800] "GET / HTTP/1.1" 200 12615 "-" "Mozilla/5.0 (Windows NT 10.0; Win64; x64) AppleWebKit/537.36 (KHTML, like Gecko) Chrome/79.0.3945.88 Safari/537.36" 
116.50.59.180 - - [02/Jan/2020:00:41:09 -0800] "GET /css/style.css HTTP/1.1" 404 216 "http://www.secrepo.com/" "Mozilla/5.0 (Windows NT 10.0; Win64; x64) AppleWebKit/537.36 (KHTML, like Gecko) Chrome/79.0.3945.88 Safari/537.36" 
116.50.59.180 - - [02/Jan/2020:00:41:10 -0800] "GET /GitHub-Mark.png HTTP/1.1" 200 7406 "http://www.secrepo.com/" "Mozilla/5.0 (Windows NT 10.0; Win64; x64) AppleWebKit/537.36 (KHTML, like Gecko) Chrome/79.0.3945.88 Safari/537.36" 
116.50.59.180 - - [02/Jan/2020:00:41:10 -0800] "GET /twitter-icon.png HTTP/1.1" 200 27766 "http://www.secrepo.com/" "Mozilla/5.0 (Windows NT 10.0; Win64; x64) AppleWebKit/537.36 (KHTML, like Gecko) Chrome/79.0.3945.88 Safari/537.36" 
116.50.59.180 - - [02/Jan/2020:00:41:19 -0800] "GET /bootstrap/img/favicon.ico HTTP/1.1" 200 580 "http://www.secrepo.com/" "Mozilla/5.0 (Windows NT 10.0; Win64; x64) AppleWebKit/537.36 (KHTML, like Gecko) Chrome/79.0.3945.88 Safari/537.36" 
40.77.167.174 - - [02/Jan/2020:00:42:39 -0800] "GET /self.logs/error.log.2019-05-20.gz HTTP/1.1" 200 7463 "-" "Mozilla/5.0 (compatible; bingbot/2.0; +http://www.bing.com/bingbot.htm)" 
110.229.216.185 - - [02/Jan/2020:00:44:50 -0800] "GET /static/.gitignore HTTP/1.1" 404 294 "-" "Mozilla/5.0 (Windows NT 10.0; WOW64; rv:48.0) Gecko/20100101 Firefox/48.0" 
216.244.66.245 - - [02/Jan/2020:00:46:20 -0800] "GET /self.logs/access.log.2018-08-28.gz HTTP/1.1" 200 37801 "-" "Mozilla/5.0 (compatible; DotBot/1.1; http://www.opensiteexplorer.org/dotbot, help@moz.com)" 
216.244.66.245 - - [02/Jan/2020:00:48:01 -0800] "GET /Datasets%20Description/HTML_Bro_log_1/dhcp.html HTTP/1.1" 200 4532 "-" "Mozilla/5.0 (compatible; DotBot/1.1; http://www.opensiteexplorer.org/dotbot, help@moz.com)" 
157.55.39.168 - - [02/Jan/2020:00:49:07 -0800] "GET /self.logs/access.log.2018-04-28.gz HTTP/1.1" 200 40862 "-" "Mozilla/5.0 (compatible; bingbot/2.0; +http://www.bing.com/bingbot.htm)" 
110.229.217.126 - - [02/Jan/2020:00:49:16 -0800] "GET /public/router.php HTTP/1.1" 404 294 "-" "Mozilla/5.0 (Windows NT 10.0; WOW64; rv:48.0) Gecko/20100101 Firefox/48.0" 
66.249.93.192 - - [02/Jan/2020:00:52:02 -0800] "GET / HTTP/1.1" 301 475 "-" "Mozilla/5.0 (Linux; Android 9; Infinix X626B) AppleWebKit/537.36 (KHTML, like Gecko) Chrome/79.0.3945.93 Mobile Safari/537.36" 
66.249.93.77 - - [02/Jan/2020:00:52:02 -0800] "GET / HTTP/1.1" 200 12659 "-" "Mozilla/5.0 (Linux; Android 9; Infinix X626B) AppleWebKit/537.36 (KHTML, like Gecko) Chrome/79.0.3945.93 Mobile Safari/537.36" 
66.249.93.75 - - [02/Jan/2020:00:52:02 -0800] "GET /css/style.css HTTP/1.1" 404 294 "http://www.secrepo.com/" "Mozilla/5.0 (Linux; Android 9; Infinix X626B) AppleWebKit/537.36 (KHTML, like Gecko) Chrome/79.0.3945.93 Mobile Safari/537.36" 
66.249.93.79 - - [02/Jan/2020:00:52:03 -0800] "GET /twitter-icon.png HTTP/1.1" 200 27810 "http://www.secrepo.com/" "Mozilla/5.0 (Linux; Android 9; Infinix X626B) AppleWebKit/537.36 (KHTML, like Gecko) Chrome/79.0.3945.93 Mobile Safari/537.36" 
66.249.93.75 - - [02/Jan/2020:00:52:03 -0800] "GET /GitHub-Mark.png HTTP/1.1" 200 7450 "http://www.secrepo.com/" "Mozilla/5.0 (Linux; Android 9; Infinix X626B) AppleWebKit/537.36 (KHTML, like Gecko) Chrome/79.0.3945.93 Mobile Safari/537.36" 
66.249.93.79 - - [02/Jan/2020:00:52:04 -0800] "GET / HTTP/1.1" 200 12659 "-" "Mozilla/5.0 (Linux; Android 9; Infinix X626B) AppleWebKit/537.36 (KHTML, like Gecko) Chrome/79.0.3945.93 Mobile Safari/537.36" 
66.249.93.75 - - [02/Jan/2020:00:52:05 -0800] "GET /css/style.css HTTP/1.1" 404 294 "http://www.secrepo.com/" "Mozilla/5.0 (Linux; Android 9; Infinix X626B) AppleWebKit/537.36 (KHTML, like Gecko) Chrome/79.0.3945.93 Mobile Safari/537.36" 
66.249.93.79 - - [02/Jan/2020:00:52:05 -0800] "GET /bootstrap/img/favicon.ico HTTP/1.1" 200 601 "http://www.secrepo.com/" "Mozilla/5.0 (Linux; Android 9; Infinix X626B) AppleWebKit/537.36 (KHTML, like Gecko) Chrome/79.0.3945.93 Mobile Safari/537.36" 
66.249.93.77 - - [02/Jan/2020:00:52:36 -0800] "GET /Datasets%20Description/Network/http.html HTTP/1.1" 200 1630 "http://www.secrepo.com/" "Mozilla/5.0 (Linux; Android 9; Infinix X626B) AppleWebKit/537.36 (KHTML, like Gecko) Chrome/79.0.3945.93 Mobile Safari/537.36" 
66.249.93.79 - - [02/Jan/2020:00:52:36 -0800] "GET /favicon.ico HTTP/1.1" 200 302 "http://www.secrepo.com/Datasets%20Description/Network/http.html" "Mozilla/5.0 (Linux; Android 9; Infinix X626B) AppleWebKit/537.36 (KHTML, like Gecko) Chrome/79.0.3945.93 Mobile Safari/537.36" 
66.249.93.77 - - [02/Jan/2020:00:52:55 -0800] "GET / HTTP/1.1" 200 12659 "-" "Mozilla/5.0 (Linux; Android 9; Infinix X626B) AppleWebKit/537.36 (KHTML, like Gecko) Chrome/79.0.3945.93 Mobile Safari/537.36" 
66.249.93.75 - - [02/Jan/2020:00:52:55 -0800] "GET /css/style.css HTTP/1.1" 404 294 "http://www.secrepo.com/" "Mozilla/5.0 (Linux; Android 9; Infinix X626B) AppleWebKit/537.36 (KHTML, like Gecko) Chrome/79.0.3945.93 Mobile Safari/537.36" 
66.249.93.79 - - [02/Jan/2020:00:52:56 -0800] "GET /bootstrap/img/favicon.ico HTTP/1.1" 200 624 "http://www.secrepo.com/" "Mozilla/5.0 (Linux; Android 9; Infinix X626B) AppleWebKit/537.36 (KHTML, like Gecko) Chrome/79.0.3945.93 Mobile Safari/537.36" 
66.249.93.75 - - [02/Jan/2020:00:52:57 -0800] "GET / HTTP/1.1" 200 12659 "-" "Mozilla/5.0 (Linux; Android 9; Infinix X626B) AppleWebKit/537.36 (KHTML, like Gecko) Chrome/79.0.3945.93 Mobile Safari/537.36" 
66.249.93.77 - - [02/Jan/2020:00:52:57 -0800] "GET /css/style.css HTTP/1.1" 404 294 "http://www.secrepo.com/" "Mozilla/5.0 (Linux; Android 9; Infinix X626B) AppleWebKit/537.36 (KHTML, like Gecko) Chrome/79.0.3945.93 Mobile Safari/537.36" 
66.249.93.79 - - [02/Jan/2020:00:52:57 -0800] "GET /bootstrap/img/favicon.ico HTTP/1.1" 200 624 "http://www.secrepo.com/" "Mozilla/5.0 (Linux; Android 9; Infinix X626B) AppleWebKit/537.36 (KHTML, like Gecko) Chrome/79.0.3945.93 Mobile Safari/537.36" 
66.249.93.77 - - [02/Jan/2020:00:53:08 -0800] "GET /css/style.css HTTP/1.1" 404 294 "http://www.secrepo.com/" "Mozilla/5.0 (Linux; Android 9; Infinix X626B) AppleWebKit/537.36 (KHTML, like Gecko) Chrome/79.0.3945.93 Mobile Safari/537.36" 
196.200.133.170 - - [02/Jan/2020:00:52:33 -0800] "GET /maccdc2012/http.log.gz HTTP/1.1" 206 18807229 "-" "Mozilla/5.0 (Linux; Android 9; Infinix X626B) AppleWebKit/537.36 (KHTML, like Gecko) Chrome/79.0.3945.93 Mobile Safari/537.36" 
196.200.133.170 - - [02/Jan/2020:00:52:33 -0800] "GET /maccdc2012/http.log.gz HTTP/1.1" 200 18896340 "-" "Mozilla/5.0 (Linux; Android 9; Infinix X626B) AppleWebKit/537.36 (KHTML, like Gecko) Chrome/79.0.3945.93 Mobile Safari/537.36" 
196.200.133.170 - - [02/Jan/2020:00:52:33 -0800] "GET /maccdc2012/http.log.gz HTTP/1.1" 206 18903240 "-" "Mozilla/5.0 (Linux; Android 9; Infinix X626B) AppleWebKit/537.36 (KHTML, like Gecko) Chrome/79.0.3945.93 Mobile Safari/537.36" 
40.77.167.174 - - [02/Jan/2020:00:59:21 -0800] "GET /self.logs/access.log.2019-03-15.gz HTTP/1.1" 200 21172 "-" "Mozilla/5.0 (compatible; bingbot/2.0; +http://www.bing.com/bingbot.htm)" 
223.3.87.137 - - [02/Jan/2020:01:01:21 -0800] "GET /favicon.ico HTTP/1.1" 200 302 "-" "Mozilla/5.0 (Windows NT 10.0; WOW64) AppleWebKit/537.36 (KHTML, like Gecko) Chrome/65.0.3314.0 Safari/537.36 SE 2.X MetaSr 1.0" 
27.62.41.116 - - [02/Jan/2020:01:03:14 -0800] "GET / HTTP/1.1" 200 12659 "http://www.secrepo.com/" "Mozilla/5.0 (Windows NT 10.0; Win64; x64) AppleWebKit/537.36 (KHTML, like Gecko) Chrome/79.0.3945.88 Safari/537.36" 
27.62.41.116 - - [02/Jan/2020:01:03:15 -0800] "GET /css/style.css HTTP/1.1" 404 271 "http://www.secrepo.com/" "Mozilla/5.0 (Windows NT 10.0; Win64; x64) AppleWebKit/537.36 (KHTML, like Gecko) Chrome/79.0.3945.88 Safari/537.36" 
27.62.41.116 - - [02/Jan/2020:01:03:23 -0800] "GET /self.logs/ HTTP/1.1" 200 20238 "http://www.secrepo.com/" "Mozilla/5.0 (Windows NT 10.0; Win64; x64) AppleWebKit/537.36 (KHTML, like Gecko) Chrome/79.0.3945.88 Safari/537.36" 
27.62.41.116 - - [02/Jan/2020:01:03:25 -0800] "GET /favicon.ico HTTP/1.1" 200 279 "http://www.secrepo.com/self.logs/" "Mozilla/5.0 (Windows NT 10.0; Win64; x64) AppleWebKit/537.36 (KHTML, like Gecko) Chrome/79.0.3945.88 Safari/537.36" 
27.62.41.116 - - [02/Jan/2020:01:03:33 -0800] "GET /self.logs/access.log.2017-01-10.gz HTTP/1.1" 200 96121 "http://www.secrepo.com/self.logs/" "Mozilla/5.0 (Windows NT 10.0; Win64; x64) AppleWebKit/537.36 (KHTML, like Gecko) Chrome/79.0.3945.88 Safari/537.36" 
66.249.93.75 - - [02/Jan/2020:01:04:44 -0800] "GET / HTTP/1.1" 200 12659 "-" "Mozilla/5.0 (X11; Linux x86_64) AppleWebKit/537.36 (KHTML, like Gecko) Chrome/49.0.2623.75 Safari/537.36 Google Favicon" 
66.249.93.77 - - [02/Jan/2020:01:04:44 -0800] "GET /bootstrap/img/favicon.ico HTTP/1.1" 200 624 "-" "Mozilla/5.0 (X11; Linux x86_64) AppleWebKit/537.36 (KHTML, like Gecko) Chrome/49.0.2623.75 Safari/537.36 Google Favicon" 
108.59.8.80 - - [02/Jan/2020:01:22:25 -0800] "GET /robots.txt HTTP/1.1" 200 288 "-" "Mozilla/5.0 (compatible; MJ12bot/v1.4.8; http://mj12bot.com/)" 
108.59.8.80 - - [02/Jan/2020:01:22:27 -0800] "GET / HTTP/1.1" 200 12581 "-" "Mozilla/5.0 (compatible; MJ12bot/v1.4.8; http://mj12bot.com/)" 
157.55.39.168 - - [02/Jan/2020:01:22:34 -0800] "GET /self.logs/access.log.2018-05-18.gz HTTP/1.1" 200 16421 "-" "Mozilla/5.0 (compatible; bingbot/2.0; +http://www.bing.com/bingbot.htm)" 
157.55.39.237 - - [02/Jan/2020:01:22:44 -0800] "GET /self.logs/access.log.2017-05-27.gz HTTP/1.1" 200 11888 "-" "Mozilla/5.0 (compatible; bingbot/2.0; +http://www.bing.com/bingbot.htm)" 
162.210.196.130 - - [02/Jan/2020:01:36:39 -0800] "GET /robots.txt HTTP/1.1" 301 495 "-" "Mozilla/5.0 (compatible; MJ12bot/v1.4.8; http://mj12bot.com/)" 
162.210.196.130 - - [02/Jan/2020:01:36:40 -0800] "GET /robots.txt HTTP/1.1" 200 288 "-" "Mozilla/5.0 (compatible; MJ12bot/v1.4.8; http://mj12bot.com/)" 
162.210.196.130 - - [02/Jan/2020:01:36:42 -0800] "GET / HTTP/1.1" 301 419 "-" "Mozilla/5.0 (compatible; MJ12bot/v1.4.8; http://mj12bot.com/)" 
162.210.196.130 - - [02/Jan/2020:01:36:54 -0800] "GET / HTTP/1.1" 200 12615 "-" "Mozilla/5.0 (compatible; MJ12bot/v1.4.8; http://mj12bot.com/)" 
113.171.224.176 - - [02/Jan/2020:01:38:12 -0800] "GET /honeypot/Honeypot%20-%20Howto.pdf HTTP/1.1" 200 61320 "-" "Mozilla/5.0 Gecko/20100115 Firefox/3.6" 
196.200.133.170 - - [02/Jan/2020:01:49:15 -0800] "GET / HTTP/1.1" 301 475 "-" "Mozilla/5.0 (Windows NT 10.0; Win64; x64) AppleWebKit/537.36 (KHTML, like Gecko) Chrome/79.0.3945.88 Safari/537.36" 
196.200.133.170 - - [02/Jan/2020:01:49:15 -0800] "GET / HTTP/1.1" 200 12659 "-" "Mozilla/5.0 (Windows NT 10.0; Win64; x64) AppleWebKit/537.36 (KHTML, like Gecko) Chrome/79.0.3945.88 Safari/537.36" 
196.200.133.170 - - [02/Jan/2020:01:49:16 -0800] "GET /css/style.css HTTP/1.1" 404 294 "http://www.secrepo.com/" "Mozilla/5.0 (Windows NT 10.0; Win64; x64) AppleWebKit/537.36 (KHTML, like Gecko) Chrome/79.0.3945.88 Safari/537.36" 
196.200.133.170 - - [02/Jan/2020:01:49:16 -0800] "GET /twitter-icon.png HTTP/1.1" 200 27787 "http://www.secrepo.com/" "Mozilla/5.0 (Windows NT 10.0; Win64; x64) AppleWebKit/537.36 (KHTML, like Gecko) Chrome/79.0.3945.88 Safari/537.36" 
196.200.133.170 - - [02/Jan/2020:01:49:16 -0800] "GET /GitHub-Mark.png HTTP/1.1" 200 7427 "http://www.secrepo.com/" "Mozilla/5.0 (Windows NT 10.0; Win64; x64) AppleWebKit/537.36 (KHTML, like Gecko) Chrome/79.0.3945.88 Safari/537.36" 
196.200.133.170 - - [02/Jan/2020:01:49:19 -0800] "GET /bootstrap/img/favicon.ico HTTP/1.1" 200 624 "http://www.secrepo.com/" "Mozilla/5.0 (Windows NT 10.0; Win64; x64) AppleWebKit/537.36 (KHTML, like Gecko) Chrome/79.0.3945.88 Safari/537.36" 
40.77.167.174 - - [02/Jan/2020:01:50:07 -0800] "GET /self.logs/access.log.2017-06-28.gz HTTP/1.1" 200 31229 "-" "Mozilla/5.0 (compatible; bingbot/2.0; +http://www.bing.com/bingbot.htm)" 
196.200.133.170 - - [02/Jan/2020:01:50:43 -0800] "GET /self.logs/ HTTP/1.1" 200 20238 "http://www.secrepo.com/" "Mozilla/5.0 (Windows NT 10.0; Win64; x64) AppleWebKit/537.36 (KHTML, like Gecko) Chrome/79.0.3945.88 Safari/537.36" 
196.200.133.170 - - [02/Jan/2020:01:50:44 -0800] "GET /favicon.ico HTTP/1.1" 200 279 "http://www.secrepo.com/self.logs/" "Mozilla/5.0 (Windows NT 10.0; Win64; x64) AppleWebKit/537.36 (KHTML, like Gecko) Chrome/79.0.3945.88 Safari/537.36" 
196.200.133.170 - - [02/Jan/2020:01:50:58 -0800] "GET /self.logs/access.log.2017-01-01.gz HTTP/1.1" 200 17529 "http://www.secrepo.com/self.logs/" "Mozilla/5.0 (Windows NT 10.0; Win64; x64) AppleWebKit/537.36 (KHTML, like Gecko) Chrome/79.0.3945.88 Safari/537.36" 
216.244.66.245 - - [02/Jan/2020:01:57:01 -0800] "GET /self.logs/access.log.2019-12-22.gz HTTP/1.1" 200 11658 "-" "Mozilla/5.0 (compatible; DotBot/1.1; http://www.opensiteexplorer.org/dotbot, help@moz.com)" 
157.55.39.237 - - [02/Jan/2020:02:07:03 -0800] "GET /self.logs/access.log.2017-03-24.gz HTTP/1.1" 200 22844 "-" "Mozilla/5.0 (compatible; bingbot/2.0; +http://www.bing.com/bingbot.htm)" 
17.58.97.104 - - [02/Jan/2020:02:20:24 -0800] "GET /Datasets%20Description/Network/ftp.html HTTP/1.1" 200 1407 "-" "Mozilla/5.0 (Macintosh; Intel Mac OS X 10_10_1) AppleWebKit/600.2.5 (KHTML, like Gecko) Version/8.0.2 Safari/600.2.5 (Applebot/0.1; +http://www.apple.com/go/applebot)" 
157.55.39.168 - - [02/Jan/2020:02:21:59 -0800] "GET /self.logs/error.log.2019-11-18.gz HTTP/1.1" 200 1842 "-" "Mozilla/5.0 (compatible; bingbot/2.0; +http://www.bing.com/bingbot.htm)" 
58.250.125.161 - - [02/Jan/2020:02:22:51 -0800] "GET / HTTP/1.1" 200 12623 "-" "Sogou web spider/4.0(+http://www.sogou.com/docs/help/webmasters.htm#07)" 
106.120.173.154 - - [02/Jan/2020:02:22:55 -0800] "GET /robots.txt HTTP/1.1" 200 251 "-" "Sogou web spider/4.0(+http://www.sogou.com/docs/help/webmasters.htm#07)" 
106.120.173.154 - - [02/Jan/2020:02:22:55 -0800] "GET /css/style.css HTTP/1.1" 404 257 "-" "Mozilla/4.0 (compatible; MSIE 7.0; Windows NT 6.0; Trident/4.0)" 
104.209.138.244 - - [02/Jan/2020:02:24:31 -0800] "GET / HTTP/1.1" 200 12616 "-" "awesome_bot" 
39.37.172.88 - - [02/Jan/2020:02:35:34 -0800] "GET / HTTP/1.1" 200 12660 "-" "Mozilla/5.0 (Macintosh; Intel Mac OS X 10_14_6) AppleWebKit/605.1.15 (KHTML, like Gecko) Version/13.0.2 Safari/605.1.15" 
39.37.172.88 - - [02/Jan/2020:02:35:34 -0800] "GET /css/style.css HTTP/1.1" 404 271 "http://www.secrepo.com/" "Mozilla/5.0 (Macintosh; Intel Mac OS X 10_14_6) AppleWebKit/605.1.15 (KHTML, like Gecko) Version/13.0.2 Safari/605.1.15" 
39.37.172.88 - - [02/Jan/2020:02:35:35 -0800] "GET /twitter-icon.png HTTP/1.1" 200 27810 "http://www.secrepo.com/" "Mozilla/5.0 (Macintosh; Intel Mac OS X 10_14_6) AppleWebKit/605.1.15 (KHTML, like Gecko) Version/13.0.2 Safari/605.1.15" 
39.37.172.88 - - [02/Jan/2020:02:35:35 -0800] "GET /GitHub-Mark.png HTTP/1.1" 200 7450 "http://www.secrepo.com/" "Mozilla/5.0 (Macintosh; Intel Mac OS X 10_14_6) AppleWebKit/605.1.15 (KHTML, like Gecko) Version/13.0.2 Safari/605.1.15" 
39.37.172.88 - - [02/Jan/2020:02:35:37 -0800] "GET /apple-touch-icon-precomposed.png HTTP/1.1" 404 294 "-" "Safari/14608.2.40.1.3 CFNetwork/978.0.7 Darwin/18.7.0 (x86_64)" 
39.37.172.88 - - [02/Jan/2020:02:35:37 -0800] "GET /bootstrap/img/favicon.ico HTTP/1.1" 200 624 "http://www.secrepo.com/" "Mozilla/5.0 (Macintosh; Intel Mac OS X 10_14_6) AppleWebKit/605.1.15 (KHTML, like Gecko) Version/13.0.2 Safari/605.1.15" 
39.37.172.88 - - [02/Jan/2020:02:35:37 -0800] "GET /apple-touch-icon.png HTTP/1.1" 404 271 "-" "Safari/14608.2.40.1.3 CFNetwork/978.0.7 Darwin/18.7.0 (x86_64)" 
216.244.66.245 - - [02/Jan/2020:02:40:05 -0800] "GET /self.logs/access.log.2019-12-21.gz HTTP/1.1" 200 14772 "-" "Mozilla/5.0 (compatible; DotBot/1.1; http://www.opensiteexplorer.org/dotbot, help@moz.com)" 
